Archive member included to satisfy reference by file (symbol)

/home/drsn0w/devkitPro/libctru/lib/libctru.a(console.o)
                              ctrMenuLib.o (consoleSelect)
/home/drsn0w/devkitPro/libctru/lib/libctru.a(gfx.o)
                              /home/drsn0w/devkitPro/libctru/lib/libctru.a(console.o) (gfxSetScreenFormat)
/home/drsn0w/devkitPro/libctru/lib/libctru.a(gx.o)
                              /home/drsn0w/devkitPro/libctru/lib/libctru.a(gfx.o) (gxCmdBuf)
/home/drsn0w/devkitPro/libctru/lib/libctru.a(apt.o)
                              main.o (aptMainLoop)
/home/drsn0w/devkitPro/libctru/lib/libctru.a(cfgu.o)
                              main.o (cfguExit)
/home/drsn0w/devkitPro/libctru/lib/libctru.a(gspgpu.o)
                              /home/drsn0w/devkitPro/libctru/lib/libctru.a(gfx.o) (gspInit)
/home/drsn0w/devkitPro/libctru/lib/libctru.a(hid.o)
                              main.o (hidScanInput)
/home/drsn0w/devkitPro/libctru/lib/libctru.a(irrst.o)
                              /home/drsn0w/devkitPro/libctru/lib/libctru.a(hid.o) (irrstScanInput)
/home/drsn0w/devkitPro/libctru/lib/libctru.a(initArgv.o)
                              /home/drsn0w/devkitPro/devkitARM/bin/../lib/gcc/arm-none-eabi/5.3.0/../../../../arm-none-eabi/lib/armv6k/fpu/3dsx_crt0.o (__system_argc)
/home/drsn0w/devkitPro/libctru/lib/libctru.a(initSystem.o)
                              /home/drsn0w/devkitPro/libctru/lib/libctru.a(apt.o) (__system_retAddr)
/home/drsn0w/devkitPro/libctru/lib/libctru.a(syscalls.o)
                              /home/drsn0w/devkitPro/libctru/lib/libctru.a(initSystem.o) (__system_initSyscalls)
/home/drsn0w/devkitPro/libctru/lib/libctru.a(svc.o)
                              /home/drsn0w/devkitPro/libctru/lib/libctru.a(gfx.o) (svcCreateEvent)
/home/drsn0w/devkitPro/libctru/lib/libctru.a(stack_adjust.o)
                              /home/drsn0w/devkitPro/devkitARM/bin/../lib/gcc/arm-none-eabi/5.3.0/../../../../arm-none-eabi/lib/armv6k/fpu/3dsx_crt0.o (initSystem)
/home/drsn0w/devkitPro/libctru/lib/libctru.a(default_font.bin.o)
                              /home/drsn0w/devkitPro/libctru/lib/libctru.a(console.o) (default_font_bin)
/home/drsn0w/devkitPro/libctru/lib/libctru.a(linear.o)
                              /home/drsn0w/devkitPro/libctru/lib/libctru.a(gfx.o) (linearAlloc)
/home/drsn0w/devkitPro/libctru/lib/libctru.a(mappable.o)
                              /home/drsn0w/devkitPro/libctru/lib/libctru.a(gfx.o) (mappableAlloc)
/home/drsn0w/devkitPro/libctru/lib/libctru.a(mem_pool.o)
                              /home/drsn0w/devkitPro/libctru/lib/libctru.a(linear.o) (MemPool::Allocate(MemChunk&, unsigned long, int))
/home/drsn0w/devkitPro/libctru/lib/libctru.a(vram.o)
                              /home/drsn0w/devkitPro/libctru/lib/libctru.a(gfx.o) (vramAlloc)
/home/drsn0w/devkitPro/libctru/lib/libctru.a(env.o)
                              /home/drsn0w/devkitPro/libctru/lib/libctru.a(irrst.o) (envGetHandle)
/home/drsn0w/devkitPro/libctru/lib/libctru.a(os.o)
                              /home/drsn0w/devkitPro/libctru/lib/libctru.a(syscalls.o) (__libctru_gtod)
/home/drsn0w/devkitPro/libctru/lib/libctru.a(srv.o)
                              /home/drsn0w/devkitPro/libctru/lib/libctru.a(apt.o) (srvGetServiceHandle)
/home/drsn0w/devkitPro/libctru/lib/libctru.a(synchronization.o)
                              /home/drsn0w/devkitPro/libctru/lib/libctru.a(initSystem.o) (__sync_init)
/home/drsn0w/devkitPro/libctru/lib/libctru.a(thread.o)
                              /home/drsn0w/devkitPro/libctru/lib/libctru.a(apt.o) (threadCreate)
/home/drsn0w/devkitPro/libctru/lib/libctru.a(ptmsysm.o)
                              /home/drsn0w/devkitPro/libctru/lib/libctru.a(os.o) (ptmSysmInit)
/home/drsn0w/devkitPro/libctru/lib/libctru.a(rbtree_find.o)
                              /home/drsn0w/devkitPro/libctru/lib/libctru.a(linear.o) (rbtree_find)
/home/drsn0w/devkitPro/libctru/lib/libctru.a(rbtree_init.o)
                              /home/drsn0w/devkitPro/libctru/lib/libctru.a(linear.o) (rbtree_init)
/home/drsn0w/devkitPro/libctru/lib/libctru.a(rbtree_insert.o)
                              /home/drsn0w/devkitPro/libctru/lib/libctru.a(linear.o) (rbtree_insert)
/home/drsn0w/devkitPro/libctru/lib/libctru.a(rbtree_remove.o)
                              /home/drsn0w/devkitPro/libctru/lib/libctru.a(linear.o) (rbtree_remove)
/home/drsn0w/devkitPro/libctru/lib/libctru.a(rbtree_rotate.o)
                              /home/drsn0w/devkitPro/libctru/lib/libctru.a(rbtree_insert.o) (rbtree_rotate)
/home/drsn0w/devkitPro/libctru/lib/libctru.a(allocateHeaps.o)
                              /home/drsn0w/devkitPro/libctru/lib/libctru.a(initSystem.o) (__system_allocateHeaps)
/home/drsn0w/devkitPro/libctru/lib/libctru.a(appExit.o)
                              /home/drsn0w/devkitPro/libctru/lib/libctru.a(stack_adjust.o) (__appExit)
/home/drsn0w/devkitPro/libctru/lib/libctru.a(appInit.o)
[...]
Memory Configuration

Name             Origin             Length             Attributes
*default*        0x0000000000000000 0xffffffffffffffff

Linker script and memory map

                0x0000000000100000                . = 0x100000
                0x0000000000100000                __start__ = .

.text           0x0000000000100000    0x25e5c
 *(.crt0)
 .crt0          0x0000000000100000       0x94 /home/drsn0w/devkitPro/devkitARM/bin/../lib/gcc/arm-none-eabi/5.3.0/../../../../arm-none-eabi/lib/armv6k/fpu/3dsx_crt0.o
                0x0000000000100000                _start
                0x0000000000100008                __service_ptr
                0x000000000010000c                __apt_appid
                0x0000000000100010                __heap_size
                0x0000000000100014                __linear_heap_size
                0x0000000000100018                __system_arglist
                0x000000000010001c                __system_runflags
 *(.init)
 .init          0x0000000000100094        0xc /home/drsn0w/devkitPro/devkitARM/bin/../lib/gcc/arm-none-eabi/5.3.0/armv6k/fpu/crti.o
                0x0000000000100094                _init
 .init          0x00000000001000a0        0xc /home/drsn0w/devkitPro/devkitARM/bin/../lib/gcc/arm-none-eabi/5.3.0/armv6k/fpu/crtn.o
                0x00000000001000ac                . = ALIGN (0x4)
 *(.text)
 .text          0x00000000001000ac      0x108 /home/drsn0w/devkitPro/devkitARM/bin/../lib/gcc/arm-none-eabi/5.3.0/armv6k/fpu/crtbegin.o
 .text          0x00000000001001b4       0x64 /home/drsn0w/devkitPro/libctru/lib/libctru.a(stack_adjust.o)
                0x00000000001001b4                initSystem
                0x00000000001001f8                __ctru_exit
 .text          0x0000000000100218      0x240 /home/drsn0w/devkitPro/devkitARM/bin/../lib/gcc/arm-none-eabi/5.3.0/armv6k/fpu/libgcc.a(_divsi3.o)
                0x0000000000100218                __aeabi_idiv
                0x0000000000100218                __divsi3
                0x0000000000100438                __aeabi_idivmod
 .text          0x0000000000100458        0x4 /home/drsn0w/devkitPro/devkitARM/bin/../lib/gcc/arm-none-eabi/5.3.0/armv6k/fpu/libgcc.a(_dvmd_tls.o)
                0x0000000000100458                __aeabi_ldiv0
                0x0000000000100458                __aeabi_idiv0
 *fill*         0x000000000010045c        0x4 
 .text          0x0000000000100460      0x3a0 /home/drsn0w/devkitPro/devkitARM/bin/../lib/gcc/arm-none-eabi/5.3.0/../../../../arm-none-eabi/lib/armv6k/fpu/libg.a(lib_a-strcmp.o)
                0x0000000000100468                strcmp
 .text          0x0000000000100800      0x1c4 /home/drsn0w/devkitPro/devkitARM/bin/../lib/gcc/arm-none-eabi/5.3.0/../../../../arm-none-eabi/lib/armv6k/fpu/libsysbase.a(iosupport.o)
                0x0000000000100808                setDefaultDevice
                0x0000000000100820                FindDevice
                0x00000000001008dc                RemoveDevice
                0x0000000000100908                AddDevice
                0x00000000001009a0                GetDeviceOpTab
 .text          0x00000000001009c4       0x7c /home/drsn0w/devkitPro/devkitARM/bin/../lib/gcc/arm-none-eabi/5.3.0/../../../../arm-none-eabi/lib/armv6k/fpu/libsysbase.a(close.o)
                0x00000000001009c4                _close_r
 .text          0x0000000000100a40       0x6c /home/drsn0w/devkitPro/devkitARM/bin/../lib/gcc/arm-none-eabi/5.3.0/../../../../arm-none-eabi/lib/armv6k/fpu/libsysbase.a(fstat.o)
                0x0000000000100a40                _fstat_r
 .text          0x0000000000100aac        0x8 /home/drsn0w/devkitPro/devkitARM/bin/../lib/gcc/arm-none-eabi/5.3.0/../../../../arm-none-eabi/lib/armv6k/fpu/libsysbase.a(isatty.o)
                0x0000000000100aac                _isatty_r
 .text          0x0000000000100ab4       0x78 /home/drsn0w/devkitPro/devkitARM/bin/../lib/gcc/arm-none-eabi/5.3.0/../../../../arm-none-eabi/lib/armv6k/fpu/libsysbase.a(lseek.o)
                0x0000000000100ab4                _lseek_r
 .text          0x0000000000100b2c       0x78 /home/drsn0w/devkitPro/devkitARM/bin/../lib/gcc/arm-none-eabi/5.3.0/../../../../arm-none-eabi/lib/armv6k/fpu/libsysbase.a(read.o)
                0x0000000000100b2c                _read_r
 .text          0x0000000000100ba4       0x70 /home/drsn0w/devkitPro/devkitARM/bin/../lib/gcc/arm-none-eabi/5.3.0/../../../../arm-none-eabi/lib/armv6k/fpu/libsysbase.a(sbrk.o)
                0x0000000000100ba4                _sbrk_r
 .text          0x0000000000100c14       0x78 /home/drsn0w/devkitPro/devkitARM/bin/../lib/gcc/arm-none-eabi/5.3.0/../../../../arm-none-eabi/lib/armv6k/fpu/libsysbase.a(write.o)
                0x0000000000100c14                _write_r
 .text          0x0000000000100c8c      0x3b0 /home/drsn0w/devkitPro/devkitARM/bin/../lib/gcc/arm-none-eabi/5.3.0/../../../../arm-none-eabi/lib/armv6k/fpu/libsysbase.a(chdir.o)
                0x0000000000100c8c                _concatenate_path
                0x0000000000100e48                chdir
                0x0000000000100f9c                getcwd
 .text          0x000000000010103c       0x10 /home/drsn0w/devkitPro/devkitARM/bin/../lib/gcc/arm-none-eabi/5.3.0/../../../../arm-none-eabi/lib/armv6k/fpu/libsysbase.a(flock.o)
                0x000000000010103c                __flockfile
                0x0000000000101044                __funlockfile
 .text          0x000000000010104c      0x108 /home/drsn0w/devkitPro/devkitARM/bin/../lib/gcc/arm-none-eabi/5.3.0/../../../../arm-none-eabi/lib/armv6k/fpu/libsysbase.a(syscall_support.o)
                0x000000000010104c                __libc_lock_init
                0x0000000000101064                __libc_lock_acquire
                0x000000000010107c                __libc_lock_try_acquire
                0x00000000001010a0                __libc_lock_release
                0x00000000001010b8                __libc_lock_close
                0x00000000001010d0                __libc_lock_init_recursive
                0x00000000001010e8                __libc_lock_acquire_recursive
                0x0000000000101100                __libc_lock_try_acquire_recursive
                0x0000000000101124                __libc_lock_release_recursive
                0x000000000010113c                __libc_lock_close_recursive
 .text          0x0000000000101154      0x2c4 /home/drsn0w/devkitPro/devkitARM/bin/../lib/gcc/arm-none-eabi/5.3.0/../../../../arm-none-eabi/lib/armv6k/fpu/libsysbase.a(handle_manager.o)
                0x0000000000101154                __free_handle
                0x0000000000101198                __release_handle
                0x00000000001011d4                __alloc_handle
                0x000000000010124c                __get_handle
                0x0000000000101268                dup
                0x000000000010130c                dup2
 .text          0x0000000000101418       0x28 /home/drsn0w/devkitPro/devkitARM/bin/../lib/gcc/arm-none-eabi/5.3.0/../../../../arm-none-eabi/lib/armv6k/fpu/libsysbase.a(getreent.o)
                0x0000000000101418                __getreent
 .text          0x0000000000101440      0x20c /home/drsn0w/devkitPro/devkitARM/bin/../lib/gcc/arm-none-eabi/5.3.0/armv6k/fpu/libgcc.a(_udivsi3.o)
                0x0000000000101440                __udivsi3
                0x0000000000101440                __aeabi_uidiv
                0x000000000010162c                __aeabi_uidivmod
 .text          0x000000000010164c       0x3c /home/drsn0w/devkitPro/devkitARM/bin/../lib/gcc/arm-none-eabi/5.3.0/armv6k/fpu/libgcc.a(_aeabi_uldivmod.o)
                0x000000000010164c                __aeabi_uldivmod
 .text          0x0000000000101688      0x128 /home/drsn0w/devkitPro/devkitARM/bin/../lib/gcc/arm-none-eabi/5.3.0/armv6k/fpu/libgcc.a(_udivmoddi4.o)
                0x0000000000101688                __udivmoddi4
 *(.text.*)
 .text._redrawMenu
                0x00000000001017b0       0x84 ctrMenuLib.o
                0x00000000001017b0                _redrawMenu
 .text.ctrmenu_display_menu
                0x0000000000101834       0x50 ctrMenuLib.o
                0x0000000000101834                ctrmenu_display_menu
 .text.ctrmenu_register_function
                0x0000000000101884       0x38 ctrMenuLib.o
                0x0000000000101884                ctrmenu_register_function
 .text.ctrmenu_selection_up
                0x00000000001018bc       0x90 ctrMenuLib.o
                0x00000000001018bc                ctrmenu_selection_up
 .text.ctrmenu_selection_down
                0x000000000010194c       0x8c ctrMenuLib.o
                0x000000000010194c                ctrmenu_selection_down
 .text.ctrmenu_selection_select
                0x00000000001019d8       0x50 ctrMenuLib.o
                0x00000000001019d8                ctrmenu_selection_select
 .text.dummyFunction
                0x0000000000101a28        0xc main.o
                0x0000000000101a28                dummyFunction
 .text.dummyFunction2
                0x0000000000101a34        0xc main.o
                0x0000000000101a34                dummyFunction2
 .text.dummyFunction3
                0x0000000000101a40        0xc main.o
                0x0000000000101a40                dummyFunction3
 .text.clearTopScreen
                0x0000000000101a4c        0x4 main.o
                0x0000000000101a4c                clearTopScreen
 .text.startup.main
                0x0000000000101a50      0x118 main.o
                0x0000000000101a50                main
 .text.debug_write
                0x0000000000101b68       0x1c /home/drsn0w/devkitPro/libctru/lib/libctru.a(console.o)
                0x0000000000101b68                debug_write
 .text.consoleSelect
                0x0000000000101b84       0x18 /home/drsn0w/devkitPro/libctru/lib/libctru.a(console.o)
                0x0000000000101b84                consoleSelect
 .text.consoleDrawChar
                0x0000000000101b9c      0x1ac /home/drsn0w/devkitPro/libctru/lib/libctru.a(console.o)
                0x0000000000101b9c                consoleDrawChar
 .text.consolePrintChar
                0x0000000000101d48      0x128 /home/drsn0w/devkitPro/libctru/lib/libctru.a(console.o)
                0x0000000000101d48                consolePrintChar
 .text.consoleCls
                0x0000000000101e70      0x184 /home/drsn0w/devkitPro/libctru/lib/libctru.a(console.o)
 .text.consoleInit
                0x0000000000101ff4       0xf8 /home/drsn0w/devkitPro/libctru/lib/libctru.a(console.o)
                0x0000000000101ff4                consoleInit
 .text.consoleClearLine
                0x00000000001020ec      0x138 /home/drsn0w/devkitPro/libctru/lib/libctru.a(console.o)
 .text.newRow   0x0000000000102224       0xc0 /home/drsn0w/devkitPro/libctru/lib/libctru.a(console.o)
 .text.con_write
                0x00000000001022e4      0x86c /home/drsn0w/devkitPro/libctru/lib/libctru.a(console.o)
                0x00000000001022e4                con_write
 .text.consoleClear
                0x0000000000102b50        0xc /home/drsn0w/devkitPro/libctru/lib/libctru.a(console.o)
                0x0000000000102b50                consoleClear
 .text.gfxSetFramebufferInfo.part.0
                0x0000000000102b5c       0x8c /home/drsn0w/devkitPro/libctru/lib/libctru.a(gfx.o)
 .text.gfxSetScreenFormat
                0x0000000000102be8       0x18 /home/drsn0w/devkitPro/libctru/lib/libctru.a(gfx.o)
                0x0000000000102be8                gfxSetScreenFormat
 .text.gfxSetDoubleBuffering
                0x0000000000102c00       0x14 /home/drsn0w/devkitPro/libctru/lib/libctru.a(gfx.o)
                0x0000000000102c00                gfxSetDoubleBuffering
 .text.gfxSetFramebufferInfo
                0x0000000000102c14       0x70 /home/drsn0w/devkitPro/libctru/lib/libctru.a(gfx.o)
                0x0000000000102c14                gfxSetFramebufferInfo
 .text.gfxWriteFramebufferInfo
                0x0000000000102c84       0xc4 /home/drsn0w/devkitPro/libctru/lib/libctru.a(gfx.o)
                0x0000000000102c84                gfxWriteFramebufferInfo
 .text.gfxInit  0x0000000000102d48      0x1d0 /home/drsn0w/devkitPro/libctru/lib/libctru.a(gfx.o)
                0x0000000000102d48                gfxInit
 .text.gfxInitDefault
                0x0000000000102f18       0x10 /home/drsn0w/devkitPro/libctru/lib/libctru.a(gfx.o)
                0x0000000000102f18                gfxInitDefault
 .text.gfxExit  0x0000000000102f28       0xe0 /home/drsn0w/devkitPro/libctru/lib/libctru.a(gfx.o)
                0x0000000000102f28                gfxExit
 .text.gfxGetFramebuffer
                0x0000000000103008       0xb0 /home/drsn0w/devkitPro/libctru/lib/libctru.a(gfx.o)
                0x0000000000103008                gfxGetFramebuffer
 .text.gfxFlushBuffers
                0x00000000001030b8       0xcc /home/drsn0w/devkitPro/libctru/lib/libctru.a(gfx.o)
                0x00000000001030b8                gfxFlushBuffers
 .text.gfxSwapBuffers
                0x0000000000103184       0x6c /home/drsn0w/devkitPro/libctru/lib/libctru.a(gfx.o)
                0x0000000000103184                gfxSwapBuffers
 .text.gfxSwapBuffersGpu
                0x00000000001031f0       0x5c /home/drsn0w/devkitPro/libctru/lib/libctru.a(gfx.o)
                0x00000000001031f0                gfxSwapBuffersGpu
 .text.__apt_initservicehandle
                0x000000000010324c       0x68 /home/drsn0w/devkitPro/libctru/lib/libctru.a(apt.o)
 .text._aptDebug
                0x00000000001032b4        0x4 /home/drsn0w/devkitPro/libctru/lib/libctru.a(apt.o)
                0x00000000001032b4                _aptDebug
 .text.aptInitCaptureInfo
                0x00000000001032b8       0x98 /home/drsn0w/devkitPro/libctru/lib/libctru.a(apt.o)
                0x00000000001032b8                aptInitCaptureInfo
 .text.aptWaitStatusEvent
                0x0000000000103350       0x28 /home/drsn0w/devkitPro/libctru/lib/libctru.a(apt.o)
                0x0000000000103350                aptWaitStatusEvent
 .text.aptGetMenuAppID
                0x0000000000103378       0x60 /home/drsn0w/devkitPro/libctru/lib/libctru.a(apt.o)
                0x0000000000103378                aptGetMenuAppID
 .text.aptSetStatus
                0x00000000001033d8       0x6c /home/drsn0w/devkitPro/libctru/lib/libctru.a(apt.o)
                0x00000000001033d8                aptSetStatus
 .text.APT_GetLockHandle
                0x0000000000103444       0x48 /home/drsn0w/devkitPro/libctru/lib/libctru.a(apt.o)
                0x0000000000103444                APT_GetLockHandle
 .text.APT_Initialize
                0x000000000010348c       0x60 /home/drsn0w/devkitPro/libctru/lib/libctru.a(apt.o)
                0x000000000010348c                APT_Initialize
 .text.APT_Finalize
                0x00000000001034ec       0x34 /home/drsn0w/devkitPro/libctru/lib/libctru.a(apt.o)
                0x00000000001034ec                APT_Finalize
 .text.APT_InquireNotification
                0x0000000000103520       0x48 /home/drsn0w/devkitPro/libctru/lib/libctru.a(apt.o)
                0x0000000000103520                APT_InquireNotification
 .text.APT_PrepareToJumpToHomeMenu
                0x0000000000103568       0x2c /home/drsn0w/devkitPro/libctru/lib/libctru.a(apt.o)
                0x0000000000103568                APT_PrepareToJumpToHomeMenu
 .text.APT_JumpToHomeMenu
                0x0000000000103594       0x50 /home/drsn0w/devkitPro/libctru/lib/libctru.a(apt.o)
                0x0000000000103594                APT_JumpToHomeMenu
 .text.APT_PrepareToJumpToApplication
                0x00000000001035e4       0x34 /home/drsn0w/devkitPro/libctru/lib/libctru.a(apt.o)
                0x00000000001035e4                APT_PrepareToJumpToApplication
 .text.APT_JumpToApplication
                0x0000000000103618       0x50 /home/drsn0w/devkitPro/libctru/lib/libctru.a(apt.o)
                0x0000000000103618                APT_JumpToApplication
 .text.APT_NotifyToWait
                0x0000000000103668       0x34 /home/drsn0w/devkitPro/libctru/lib/libctru.a(apt.o)
                0x0000000000103668                APT_NotifyToWait
 .text.APT_AppletUtility
                0x000000000010369c       0x7c /home/drsn0w/devkitPro/libctru/lib/libctru.a(apt.o)
                0x000000000010369c                APT_AppletUtility
 .text.aptAppletUtility_Exit_RetToApp
                0x0000000000103718      0x188 /home/drsn0w/devkitPro/libctru/lib/libctru.a(apt.o)
                0x0000000000103718                aptAppletUtility_Exit_RetToApp
 .text.aptAppletClosed
                0x00000000001038a0       0x3c /home/drsn0w/devkitPro/libctru/lib/libctru.a(apt.o)
                0x00000000001038a0                aptAppletClosed
 .text.aptAppStarted
                0x00000000001038dc      0x114 /home/drsn0w/devkitPro/libctru/lib/libctru.a(apt.o)
 .text.aptInit  0x00000000001039f0      0x298 /home/drsn0w/devkitPro/libctru/lib/libctru.a(apt.o)
                0x00000000001039f0                aptInit
 .text.APT_ReceiveParameter
                0x0000000000103c88       0x6c /home/drsn0w/devkitPro/libctru/lib/libctru.a(apt.o)
                0x0000000000103c88                APT_ReceiveParameter
 .text.APT_SendParameter
                0x0000000000103cf4       0x64 /home/drsn0w/devkitPro/libctru/lib/libctru.a(apt.o)
                0x0000000000103cf4                APT_SendParameter
 .text.APT_SendCaptureBufferInfo
                0x0000000000103d58       0x44 /home/drsn0w/devkitPro/libctru/lib/libctru.a(apt.o)
                0x0000000000103d58                APT_SendCaptureBufferInfo
 .text.aptReturnToMenu
                0x0000000000103d9c      0x264 /home/drsn0w/devkitPro/libctru/lib/libctru.a(apt.o)
                0x0000000000103d9c                aptReturnToMenu
 .text.APT_ReplySleepQuery
                0x0000000000104000       0x38 /home/drsn0w/devkitPro/libctru/lib/libctru.a(apt.o)
                0x0000000000104000                APT_ReplySleepQuery
 .text.APT_ReplySleepNotificationComplete
                0x0000000000104038       0x34 /home/drsn0w/devkitPro/libctru/lib/libctru.a(apt.o)
                0x0000000000104038                APT_ReplySleepNotificationComplete
 .text.aptEventHandler
                0x000000000010406c      0x3f4 /home/drsn0w/devkitPro/libctru/lib/libctru.a(apt.o)
                0x000000000010406c                aptEventHandler
 .text.APT_PrepareToCloseApplication
                0x0000000000104460       0x34 /home/drsn0w/devkitPro/libctru/lib/libctru.a(apt.o)
                0x0000000000104460                APT_PrepareToCloseApplication
 .text.APT_CloseApplication
                0x0000000000104494       0x50 /home/drsn0w/devkitPro/libctru/lib/libctru.a(apt.o)
                0x0000000000104494                APT_CloseApplication
 .text.aptExit  0x00000000001044e4      0x2d0 /home/drsn0w/devkitPro/libctru/lib/libctru.a(apt.o)
                0x00000000001044e4                aptExit
 .text.APT_CheckNew3DS_System
                0x00000000001047b4       0x6c /home/drsn0w/devkitPro/libctru/lib/libctru.a(apt.o)
                0x00000000001047b4                APT_CheckNew3DS_System
 .text.APT_CheckNew3DS
                0x0000000000104820       0x8c /home/drsn0w/devkitPro/libctru/lib/libctru.a(apt.o)
                0x0000000000104820                APT_CheckNew3DS
 .text.APT_StartLibraryApplet
                0x00000000001048ac       0x54 /home/drsn0w/devkitPro/libctru/lib/libctru.a(apt.o)
                0x00000000001048ac                APT_StartLibraryApplet
 .text.aptAppletStarted
                0x0000000000104900      0x174 /home/drsn0w/devkitPro/libctru/lib/libctru.a(apt.o)
                0x0000000000104900                aptAppletStarted
 .text.aptMainLoop
                0x0000000000104a74      0x1a4 /home/drsn0w/devkitPro/libctru/lib/libctru.a(apt.o)
                0x0000000000104a74                aptMainLoop
 .text.cfguExit
                0x0000000000104c18       0x34 /home/drsn0w/devkitPro/libctru/lib/libctru.a(cfgu.o)
                0x0000000000104c18                cfguExit
 .text.gspEventThreadMain
                0x0000000000104c4c       0xe8 /home/drsn0w/devkitPro/libctru/lib/libctru.a(gspgpu.o)
 .text.gspInit  0x0000000000104d34       0x74 /home/drsn0w/devkitPro/libctru/lib/libctru.a(gspgpu.o)
                0x0000000000104d34                gspInit
 .text.gspExit  0x0000000000104da8       0x3c /home/drsn0w/devkitPro/libctru/lib/libctru.a(gspgpu.o)
                0x0000000000104da8                gspExit
 .text.gspInitEventHandler
                0x0000000000104de4       0xd0 /home/drsn0w/devkitPro/libctru/lib/libctru.a(gspgpu.o)
                0x0000000000104de4                gspInitEventHandler
 .text.gspExitEventHandler
                0x0000000000104eb4       0x5c /home/drsn0w/devkitPro/libctru/lib/libctru.a(gspgpu.o)
                0x0000000000104eb4                gspExitEventHandler
 .text.gspWaitForEvent
                0x0000000000104f10       0x58 /home/drsn0w/devkitPro/libctru/lib/libctru.a(gspgpu.o)
                0x0000000000104f10                gspWaitForEvent
 .text.GSPGPU_SetBufferSwap
                0x0000000000104f68       0x6c /home/drsn0w/devkitPro/libctru/lib/libctru.a(gspgpu.o)
                0x0000000000104f68                GSPGPU_SetBufferSwap
 .text.GSPGPU_FlushDataCache
                0x0000000000104fd4       0x4c /home/drsn0w/devkitPro/libctru/lib/libctru.a(gspgpu.o)
                0x0000000000104fd4                GSPGPU_FlushDataCache
 .text.GSPGPU_SetLcdForceBlack
                0x0000000000105020       0x34 /home/drsn0w/devkitPro/libctru/lib/libctru.a(gspgpu.o)
                0x0000000000105020                GSPGPU_SetLcdForceBlack
 .text.GSPGPU_RegisterInterruptRelayQueue
                0x0000000000105054       0x64 /home/drsn0w/devkitPro/libctru/lib/libctru.a(gspgpu.o)
                0x0000000000105054                GSPGPU_RegisterInterruptRelayQueue
 .text.GSPGPU_UnregisterInterruptRelayQueue
                0x00000000001050b8       0x2c /home/drsn0w/devkitPro/libctru/lib/libctru.a(gspgpu.o)
                0x00000000001050b8                GSPGPU_UnregisterInterruptRelayQueue
 .text.GSPGPU_AcquireRight
                0x00000000001050e4       0x48 /home/drsn0w/devkitPro/libctru/lib/libctru.a(gspgpu.o)
                0x00000000001050e4                GSPGPU_AcquireRight
 .text.GSPGPU_ReleaseRight
                0x000000000010512c       0x2c /home/drsn0w/devkitPro/libctru/lib/libctru.a(gspgpu.o)
                0x000000000010512c                GSPGPU_ReleaseRight
 .text.GSPGPU_ImportDisplayCaptureInfo
                0x0000000000105158       0x80 /home/drsn0w/devkitPro/libctru/lib/libctru.a(gspgpu.o)
                0x0000000000105158                GSPGPU_ImportDisplayCaptureInfo
 .text.GSPGPU_SaveVramSysArea
                0x00000000001051d8       0x2c /home/drsn0w/devkitPro/libctru/lib/libctru.a(gspgpu.o)
                0x00000000001051d8                GSPGPU_SaveVramSysArea
 .text.GSPGPU_RestoreVramSysArea
                0x0000000000105204       0x2c /home/drsn0w/devkitPro/libctru/lib/libctru.a(gspgpu.o)
                0x0000000000105204                GSPGPU_RestoreVramSysArea
 .text.hidExit  0x0000000000105230       0xd8 /home/drsn0w/devkitPro/libctru/lib/libctru.a(hid.o)
                0x0000000000105230                hidExit
 .text.hidScanInput
                0x0000000000105308      0x238 /home/drsn0w/devkitPro/libctru/lib/libctru.a(hid.o)
                0x0000000000105308                hidScanInput
 .text.hidKeysDown
                0x0000000000105540       0x10 /home/drsn0w/devkitPro/libctru/lib/libctru.a(hid.o)
                0x0000000000105540                hidKeysDown
 .text.HIDUSER_GetHandles
                0x0000000000105550       0x90 /home/drsn0w/devkitPro/libctru/lib/libctru.a(hid.o)
                0x0000000000105550                HIDUSER_GetHandles
 .text.hidInit  0x00000000001055e0      0x184 /home/drsn0w/devkitPro/libctru/lib/libctru.a(hid.o)
                0x00000000001055e0                hidInit
 .text.irrstScanInput
                0x0000000000105764       0xb0 /home/drsn0w/devkitPro/libctru/lib/libctru.a(irrst.o)
                0x0000000000105764                irrstScanInput
 .text.irrstKeysHeld
                0x0000000000105814       0x1c /home/drsn0w/devkitPro/libctru/lib/libctru.a(irrst.o)
                0x0000000000105814                irrstKeysHeld
 .text.IRRST_GetHandles
                0x0000000000105830       0x50 /home/drsn0w/devkitPro/libctru/lib/libctru.a(irrst.o)
                0x0000000000105830                IRRST_GetHandles
 .text.irrstInit
                0x0000000000105880      0x148 /home/drsn0w/devkitPro/libctru/lib/libctru.a(irrst.o)
                0x0000000000105880                irrstInit
 .text.IRRST_Shutdown
                0x00000000001059c8       0x2c /home/drsn0w/devkitPro/libctru/lib/libctru.a(irrst.o)
                0x00000000001059c8                IRRST_Shutdown
 .text.irrstExit
                0x00000000001059f4       0xb0 /home/drsn0w/devkitPro/libctru/lib/libctru.a(irrst.o)
                0x00000000001059f4                irrstExit
 .text.__system_initArgv
                0x0000000000105aa4       0xf4 /home/drsn0w/devkitPro/libctru/lib/libctru.a(initArgv.o)
                0x0000000000105aa4                __system_initArgv
 .text.__libctru_init
                0x0000000000105b98       0x38 /home/drsn0w/devkitPro/libctru/lib/libctru.a(initSystem.o)
                0x0000000000105b98                __libctru_init
 .text.__ctru_get_reent
                0x0000000000105bd0       0x30 /home/drsn0w/devkitPro/libctru/lib/libctru.a(syscalls.o)
 .text.__system_initSyscalls
                0x0000000000105c00       0xe8 /home/drsn0w/devkitPro/libctru/lib/libctru.a(syscalls.o)
                0x0000000000105c00                __system_initSyscalls
 .text.svcControlMemory
                0x0000000000105ce8       0x20 /home/drsn0w/devkitPro/libctru/lib/libctru.a(svc.o)
                0x0000000000105ce8                svcControlMemory
 .text.svcExitProcess
                0x0000000000105d08        0x8 /home/drsn0w/devkitPro/libctru/lib/libctru.a(svc.o)
                0x0000000000105d08                svcExitProcess
 .text.svcCreateThread
                0x0000000000105d10       0x20 /home/drsn0w/devkitPro/libctru/lib/libctru.a(svc.o)
                0x0000000000105d10                svcCreateThread
 .text.svcExitThread
                0x0000000000105d30        0x8 /home/drsn0w/devkitPro/libctru/lib/libctru.a(svc.o)
                0x0000000000105d30                svcExitThread
 .text.svcCreateEvent
                0x0000000000105d38       0x14 /home/drsn0w/devkitPro/libctru/lib/libctru.a(svc.o)
                0x0000000000105d38                svcCreateEvent
 .text.svcSignalEvent
                0x0000000000105d4c        0x8 /home/drsn0w/devkitPro/libctru/lib/libctru.a(svc.o)
                0x0000000000105d4c                svcSignalEvent
 .text.svcClearEvent
                0x0000000000105d54        0x8 /home/drsn0w/devkitPro/libctru/lib/libctru.a(svc.o)
                0x0000000000105d54                svcClearEvent
 .text.svcMapMemoryBlock
                0x0000000000105d5c        0x8 /home/drsn0w/devkitPro/libctru/lib/libctru.a(svc.o)
                0x0000000000105d5c                svcMapMemoryBlock
 .text.svcUnmapMemoryBlock
                0x0000000000105d64        0x8 /home/drsn0w/devkitPro/libctru/lib/libctru.a(svc.o)
                0x0000000000105d64                svcUnmapMemoryBlock
 .text.svcCreateAddressArbiter
                0x0000000000105d6c       0x14 /home/drsn0w/devkitPro/libctru/lib/libctru.a(svc.o)
                0x0000000000105d6c                svcCreateAddressArbiter
 .text.svcArbitrateAddress
                0x0000000000105d80       0x20 /home/drsn0w/devkitPro/libctru/lib/libctru.a(svc.o)
                0x0000000000105d80                svcArbitrateAddress
 .text.svcCloseHandle
                0x0000000000105da0        0x8 /home/drsn0w/devkitPro/libctru/lib/libctru.a(svc.o)
                0x0000000000105da0                svcCloseHandle
 .text.svcWaitSynchronization
                0x0000000000105da8        0x8 /home/drsn0w/devkitPro/libctru/lib/libctru.a(svc.o)
                0x0000000000105da8                svcWaitSynchronization
 .text.svcWaitSynchronizationN
                0x0000000000105db0       0x28 /home/drsn0w/devkitPro/libctru/lib/libctru.a(svc.o)
                0x0000000000105db0                svcWaitSynchronizationN
 .text.svcDuplicateHandle
                0x0000000000105dd8       0x14 /home/drsn0w/devkitPro/libctru/lib/libctru.a(svc.o)
                0x0000000000105dd8                svcDuplicateHandle
 .text.svcGetSystemTick
                0x0000000000105dec        0x8 /home/drsn0w/devkitPro/libctru/lib/libctru.a(svc.o)
                0x0000000000105dec                svcGetSystemTick
 .text.svcGetSystemInfo
                0x0000000000105df4       0x18 /home/drsn0w/devkitPro/libctru/lib/libctru.a(svc.o)
                0x0000000000105df4                svcGetSystemInfo
 .text.svcConnectToPort
                0x0000000000105e0c       0x14 /home/drsn0w/devkitPro/libctru/lib/libctru.a(svc.o)
                0x0000000000105e0c                svcConnectToPort
 .text.svcSendSyncRequest
                0x0000000000105e20        0x8 /home/drsn0w/devkitPro/libctru/lib/libctru.a(svc.o)
                0x0000000000105e20                svcSendSyncRequest
 .text.svcBreak
                0x0000000000105e28        0x8 /home/drsn0w/devkitPro/libctru/lib/libctru.a(svc.o)
                0x0000000000105e28                svcBreak
 .text.svcOutputDebugString
                0x0000000000105e30        0x8 /home/drsn0w/devkitPro/libctru/lib/libctru.a(svc.o)
                0x0000000000105e30                svcOutputDebugString
 .text._ZL21addrMapNodeComparatorPK11rbtree_nodeS1_
                0x0000000000105e38       0x24 /home/drsn0w/devkitPro/libctru/lib/libctru.a(linear.o)
 .text._ZL21addrMapNodeDestructorP11rbtree_node
                0x0000000000105e5c        0x4 /home/drsn0w/devkitPro/libctru/lib/libctru.a(linear.o)
 .text.linearMemAlign
                0x0000000000105e60      0x140 /home/drsn0w/devkitPro/libctru/lib/libctru.a(linear.o)
                0x0000000000105e60                linearMemAlign
 .text.linearAlloc
                0x0000000000105fa0        0x8 /home/drsn0w/devkitPro/libctru/lib/libctru.a(linear.o)
                0x0000000000105fa0                linearAlloc
 .text.linearFree
                0x0000000000105fa8       0x50 /home/drsn0w/devkitPro/libctru/lib/libctru.a(linear.o)
                0x0000000000105fa8                linearFree
 .text._ZL21addrMapNodeComparatorPK11rbtree_nodeS1_
                0x0000000000105ff8       0x24 /home/drsn0w/devkitPro/libctru/lib/libctru.a(mappable.o)
 .text._ZL21addrMapNodeDestructorP11rbtree_node
                0x000000000010601c        0x4 /home/drsn0w/devkitPro/libctru/lib/libctru.a(mappable.o)
 .text.mappableAlloc
                0x0000000000106020       0xf4 /home/drsn0w/devkitPro/libctru/lib/libctru.a(mappable.o)
                0x0000000000106020                mappableAlloc
 .text.mappableFree
                0x0000000000106114       0x50 /home/drsn0w/devkitPro/libctru/lib/libctru.a(mappable.o)
                0x0000000000106114                mappableFree
 .text._ZN7MemPool13CoalesceRightEP8MemBlock
                0x0000000000106164       0xa0 /home/drsn0w/devkitPro/libctru/lib/libctru.a(mem_pool.o)
                0x0000000000106164                MemPool::CoalesceRight(MemBlock*)
 .text._ZN7MemPool8AllocateER8MemChunkmi
                0x0000000000106204      0x18c /home/drsn0w/devkitPro/libctru/lib/libctru.a(mem_pool.o)
                0x0000000000106204                MemPool::Allocate(MemChunk&, unsigned long, int)
 .text._ZN7MemPool10DeallocateERK8MemChunk
                0x0000000000106390      0x104 /home/drsn0w/devkitPro/libctru/lib/libctru.a(mem_pool.o)
                0x0000000000106390                MemPool::Deallocate(MemChunk const&)
 .text._ZL21addrMapNodeComparatorPK11rbtree_nodeS1_
                0x0000000000106494       0x24 /home/drsn0w/devkitPro/libctru/lib/libctru.a(vram.o)
 .text._ZL21addrMapNodeDestructorP11rbtree_node
                0x00000000001064b8        0x4 /home/drsn0w/devkitPro/libctru/lib/libctru.a(vram.o)
 .text.vramMemAlign
                0x00000000001064bc      0x130 /home/drsn0w/devkitPro/libctru/lib/libctru.a(vram.o)
                0x00000000001064bc                vramMemAlign
 .text.vramAlloc
                0x00000000001065ec        0x8 /home/drsn0w/devkitPro/libctru/lib/libctru.a(vram.o)
                0x00000000001065ec                vramAlloc
 .text.vramFree
                0x00000000001065f4       0x50 /home/drsn0w/devkitPro/libctru/lib/libctru.a(vram.o)
                0x00000000001065f4                vramFree
 .text.envGetHandle
                0x0000000000106644       0x94 /home/drsn0w/devkitPro/libctru/lib/libctru.a(env.o)
                0x0000000000106644                envGetHandle
 .text.envDestroyHandles
                0x00000000001066d8       0x4c /home/drsn0w/devkitPro/libctru/lib/libctru.a(env.o)
                0x00000000001066d8                envDestroyHandles
 .text.getSysTime
                0x0000000000106724       0x58 /home/drsn0w/devkitPro/libctru/lib/libctru.a(os.o)
 .text.osGetMemRegionUsed
                0x000000000010677c       0x24 /home/drsn0w/devkitPro/libctru/lib/libctru.a(os.o)
                0x000000000010677c                osGetMemRegionUsed
 .text.__libctru_gtod
                0x00000000001067a0       0xf8 /home/drsn0w/devkitPro/libctru/lib/libctru.a(os.o)
                0x00000000001067a0                __libctru_gtod
 .text.__ctru_speedup_config
                0x0000000000106898       0x34 /home/drsn0w/devkitPro/libctru/lib/libctru.a(os.o)
                0x0000000000106898                __ctru_speedup_config
 .text.srvExit  0x00000000001068cc       0x50 /home/drsn0w/devkitPro/libctru/lib/libctru.a(srv.o)
                0x00000000001068cc                srvExit
 .text.srvRegisterClient
                0x000000000010691c       0x38 /home/drsn0w/devkitPro/libctru/lib/libctru.a(srv.o)
                0x000000000010691c                srvRegisterClient
 .text.srvInit  0x0000000000106954       0x70 /home/drsn0w/devkitPro/libctru/lib/libctru.a(srv.o)
                0x0000000000106954                srvInit
 .text.srvGetServiceHandleDirect
                0x00000000001069c4       0x68 /home/drsn0w/devkitPro/libctru/lib/libctru.a(srv.o)
                0x00000000001069c4                srvGetServiceHandleDirect
 .text.srvGetServiceHandle
                0x0000000000106a2c       0x38 /home/drsn0w/devkitPro/libctru/lib/libctru.a(srv.o)
                0x0000000000106a2c                srvGetServiceHandle
 .text.LightLock_Unlock.part.1
                0x0000000000106a64       0x34 /home/drsn0w/devkitPro/libctru/lib/libctru.a(synchronization.o)
 .text.__sync_init
                0x0000000000106a98        0xc /home/drsn0w/devkitPro/libctru/lib/libctru.a(synchronization.o)
                0x0000000000106a98                __sync_init
 .text.__sync_fini
                0x0000000000106aa4       0x18 /home/drsn0w/devkitPro/libctru/lib/libctru.a(synchronization.o)
                0x0000000000106aa4                __sync_fini
 .text.LightLock_Init
                0x0000000000106abc       0x18 /home/drsn0w/devkitPro/libctru/lib/libctru.a(synchronization.o)
                0x0000000000106abc                LightLock_Init
 .text.LightLock_Lock
                0x0000000000106ad4       0x94 /home/drsn0w/devkitPro/libctru/lib/libctru.a(synchronization.o)
                0x0000000000106ad4                LightLock_Lock
 .text.LightLock_TryLock
                0x0000000000106b68       0x34 /home/drsn0w/devkitPro/libctru/lib/libctru.a(synchronization.o)
                0x0000000000106b68                LightLock_TryLock
 .text.LightLock_Unlock
                0x0000000000106b9c       0x20 /home/drsn0w/devkitPro/libctru/lib/libctru.a(synchronization.o)
                0x0000000000106b9c                LightLock_Unlock
 .text.RecursiveLock_Init
                0x0000000000106bbc       0x24 /home/drsn0w/devkitPro/libctru/lib/libctru.a(synchronization.o)
                0x0000000000106bbc                RecursiveLock_Init
 .text.RecursiveLock_Lock
                0x0000000000106be0       0x30 /home/drsn0w/devkitPro/libctru/lib/libctru.a(synchronization.o)
                0x0000000000106be0                RecursiveLock_Lock
 .text.RecursiveLock_TryLock
                0x0000000000106c10       0x58 /home/drsn0w/devkitPro/libctru/lib/libctru.a(synchronization.o)
                0x0000000000106c10                RecursiveLock_TryLock
 .text.RecursiveLock_Unlock
                0x0000000000106c68       0x38 /home/drsn0w/devkitPro/libctru/lib/libctru.a(synchronization.o)
                0x0000000000106c68                RecursiveLock_Unlock
 .text.threadCreate
                0x0000000000106ca0      0x1c8 /home/drsn0w/devkitPro/libctru/lib/libctru.a(thread.o)
                0x0000000000106ca0                threadCreate
 .text.threadJoin
                0x0000000000106e68       0x24 /home/drsn0w/devkitPro/libctru/lib/libctru.a(thread.o)
                0x0000000000106e68                threadJoin
 .text.threadExit
                0x0000000000106e8c       0x6c /home/drsn0w/devkitPro/libctru/lib/libctru.a(thread.o)
                0x0000000000106e8c                threadExit
 .text._thread_begin
                0x0000000000106ef8       0x3c /home/drsn0w/devkitPro/libctru/lib/libctru.a(thread.o)
 .text.ptmSysmInit
                0x0000000000106f34       0x70 /home/drsn0w/devkitPro/libctru/lib/libctru.a(ptmsysm.o)
                0x0000000000106f34                ptmSysmInit
 .text.ptmSysmExit
                0x0000000000106fa4       0x34 /home/drsn0w/devkitPro/libctru/lib/libctru.a(ptmsysm.o)
                0x0000000000106fa4                ptmSysmExit
 .text.PTMSYSM_ConfigureNew3DSCPU
                0x0000000000106fd8       0x34 /home/drsn0w/devkitPro/libctru/lib/libctru.a(ptmsysm.o)
                0x0000000000106fd8                PTMSYSM_ConfigureNew3DSCPU
 .text.rbtree_find
                0x000000000010700c       0x70 /home/drsn0w/devkitPro/libctru/lib/libctru.a(rbtree_find.o)
                0x000000000010700c                rbtree_find
 .text.rbtree_init
                0x000000000010707c       0x14 /home/drsn0w/devkitPro/libctru/lib/libctru.a(rbtree_init.o)
                0x000000000010707c                rbtree_init
 .text.do_insert
                0x0000000000107090      0x1d4 /home/drsn0w/devkitPro/libctru/lib/libctru.a(rbtree_insert.o)
 .text.rbtree_insert
                0x0000000000107264        0x8 /home/drsn0w/devkitPro/libctru/lib/libctru.a(rbtree_insert.o)
                0x0000000000107264                rbtree_insert
 .text.rbtree_remove
                0x000000000010726c      0x35c /home/drsn0w/devkitPro/libctru/lib/libctru.a(rbtree_remove.o)
                0x000000000010726c                rbtree_remove
 .text.rbtree_rotate
                0x00000000001075c8       0xac /home/drsn0w/devkitPro/libctru/lib/libctru.a(rbtree_rotate.o)
                0x00000000001075c8                rbtree_rotate
 .text.osGetMemRegionSize
                0x0000000000107674       0x58 /home/drsn0w/devkitPro/libctru/lib/libctru.a(allocateHeaps.o)
 .text.__system_allocateHeaps
                0x00000000001076cc      0x124 /home/drsn0w/devkitPro/libctru/lib/libctru.a(allocateHeaps.o)
                0x00000000001076cc                __system_allocateHeaps
 .text.__appExit
                0x00000000001077f0       0x1c /home/drsn0w/devkitPro/libctru/lib/libctru.a(appExit.o)
                0x00000000001077f0                __appExit
 .text.__appInit
                0x000000000010780c       0x1c /home/drsn0w/devkitPro/libctru/lib/libctru.a(appInit.o)
                0x000000000010780c                __appInit
 .text.__libctru_exit
                0x0000000000107828       0xa4 /home/drsn0w/devkitPro/libctru/lib/libctru.a(ctru_exit.o)
                0x0000000000107828                __libctru_exit
 .text.sdmc_link
                0x00000000001078cc       0x10 /home/drsn0w/devkitPro/libctru/lib/libctru.a(sdmc_dev.o)
 .text.sdmc_dirreset
                0x00000000001078dc       0x10 /home/drsn0w/devkitPro/libctru/lib/libctru.a(sdmc_dev.o)
 .text.sdmc_chmod
                0x00000000001078ec       0x10 /home/drsn0w/devkitPro/libctru/lib/libctru.a(sdmc_dev.o)
 .text.sdmc_fchmod
                0x00000000001078fc       0x10 /home/drsn0w/devkitPro/libctru/lib/libctru.a(sdmc_dev.o)
 .text.error_cmp
                0x000000000010790c       0x24 /home/drsn0w/devkitPro/libctru/lib/libctru.a(sdmc_dev.o)
 .text.sdmc_translate_error
                0x0000000000107930       0x50 /home/drsn0w/devkitPro/libctru/lib/libctru.a(sdmc_dev.o)
 .text.sdmc_fsync
                0x0000000000107980       0x34 /home/drsn0w/devkitPro/libctru/lib/libctru.a(sdmc_dev.o)
 .text.sdmc_ftruncate
                0x00000000001079b4       0x54 /home/drsn0w/devkitPro/libctru/lib/libctru.a(sdmc_dev.o)
 .text.sdmc_statvfs
                0x0000000000107a08       0xac /home/drsn0w/devkitPro/libctru/lib/libctru.a(sdmc_dev.o)
 .text.sdmc_dirclose
                0x0000000000107ab4       0x38 /home/drsn0w/devkitPro/libctru/lib/libctru.a(sdmc_dev.o)
 .text.sdmc_dirnext
                0x0000000000107aec       0xe0 /home/drsn0w/devkitPro/libctru/lib/libctru.a(sdmc_dev.o)
 .text.sdmc_close
                0x0000000000107bcc       0x34 /home/drsn0w/devkitPro/libctru/lib/libctru.a(sdmc_dev.o)
 .text.sdmc_fstat
                0x0000000000107c00       0x74 /home/drsn0w/devkitPro/libctru/lib/libctru.a(sdmc_dev.o)
 .text.sdmc_seek
                0x0000000000107c74       0xc0 /home/drsn0w/devkitPro/libctru/lib/libctru.a(sdmc_dev.o)
 .text.sdmc_read
                0x0000000000107d34       0x8c /home/drsn0w/devkitPro/libctru/lib/libctru.a(sdmc_dev.o)
 .text.sdmc_write
                0x0000000000107dc0      0x108 /home/drsn0w/devkitPro/libctru/lib/libctru.a(sdmc_dev.o)
 .text.sdmc_utf16path
                0x0000000000107ec8      0x1b4 /home/drsn0w/devkitPro/libctru/lib/libctru.a(sdmc_dev.o)
 .text.sdmc_rmdir
                0x000000000010807c       0x80 /home/drsn0w/devkitPro/libctru/lib/libctru.a(sdmc_dev.o)
 .text.sdmc_diropen
                0x00000000001080fc       0x9c /home/drsn0w/devkitPro/libctru/lib/libctru.a(sdmc_dev.o)
 .text.sdmc_chdir
                0x0000000000108198       0xa8 /home/drsn0w/devkitPro/libctru/lib/libctru.a(sdmc_dev.o)
 .text.sdmc_mkdir
                0x0000000000108240       0x84 /home/drsn0w/devkitPro/libctru/lib/libctru.a(sdmc_dev.o)
 .text.sdmc_rename
                0x00000000001082c4      0x138 /home/drsn0w/devkitPro/libctru/lib/libctru.a(sdmc_dev.o)
 .text.sdmc_unlink
                0x00000000001083fc       0x80 /home/drsn0w/devkitPro/libctru/lib/libctru.a(sdmc_dev.o)
 .text.sdmc_stat
                0x000000000010847c      0x120 /home/drsn0w/devkitPro/libctru/lib/libctru.a(sdmc_dev.o)
 .text.sdmc_open
                0x000000000010859c      0x1ac /home/drsn0w/devkitPro/libctru/lib/libctru.a(sdmc_dev.o)
 .text.sdmcInit
                0x0000000000108748      0x134 /home/drsn0w/devkitPro/libctru/lib/libctru.a(sdmc_dev.o)
                0x0000000000108748                sdmcInit
 .text.sdmcExit
                0x000000000010887c       0x50 /home/drsn0w/devkitPro/libctru/lib/libctru.a(sdmc_dev.o)
                0x000000000010887c                sdmcExit
 .text.fsInit   0x00000000001088cc       0xc8 /home/drsn0w/devkitPro/libctru/lib/libctru.a(fs.o)
                0x00000000001088cc                fsInit
 .text.fsExit   0x0000000000108994       0x34 /home/drsn0w/devkitPro/libctru/lib/libctru.a(fs.o)
                0x0000000000108994                fsExit
 .text.FSUSER_OpenFile
                0x00000000001089c8       0xdc /home/drsn0w/devkitPro/libctru/lib/libctru.a(fs.o)
                0x00000000001089c8                FSUSER_OpenFile
 .text.FSUSER_DeleteFile
                0x0000000000108aa4       0xb8 /home/drsn0w/devkitPro/libctru/lib/libctru.a(fs.o)
                0x0000000000108aa4                FSUSER_DeleteFile
 .text.FSUSER_RenameFile
                0x0000000000108b5c       0xf4 /home/drsn0w/devkitPro/libctru/lib/libctru.a(fs.o)
                0x0000000000108b5c                FSUSER_RenameFile
 .text.FSUSER_DeleteDirectory
                0x0000000000108c50       0xb8 /home/drsn0w/devkitPro/libctru/lib/libctru.a(fs.o)
                0x0000000000108c50                FSUSER_DeleteDirectory
 .text.FSUSER_CreateFile
                0x0000000000108d08       0xd0 /home/drsn0w/devkitPro/libctru/lib/libctru.a(fs.o)
                0x0000000000108d08                FSUSER_CreateFile
 .text.FSUSER_CreateDirectory
                0x0000000000108dd8       0xc0 /home/drsn0w/devkitPro/libctru/lib/libctru.a(fs.o)
                0x0000000000108dd8                FSUSER_CreateDirectory
 .text.FSUSER_RenameDirectory
                0x0000000000108e98       0xf4 /home/drsn0w/devkitPro/libctru/lib/libctru.a(fs.o)
                0x0000000000108e98                FSUSER_RenameDirectory
 .text.FSUSER_OpenDirectory
                0x0000000000108f8c       0xc4 /home/drsn0w/devkitPro/libctru/lib/libctru.a(fs.o)
                0x0000000000108f8c                FSUSER_OpenDirectory
 .text.FSUSER_OpenArchive
                0x0000000000109050       0xbc /home/drsn0w/devkitPro/libctru/lib/libctru.a(fs.o)
                0x0000000000109050                FSUSER_OpenArchive
 .text.FSUSER_CloseArchive
                0x000000000010910c       0x88 /home/drsn0w/devkitPro/libctru/lib/libctru.a(fs.o)
                0x000000000010910c                FSUSER_CloseArchive
 .text.FSUSER_GetSdmcArchiveResource
                0x0000000000109194       0x8c /home/drsn0w/devkitPro/libctru/lib/libctru.a(fs.o)
                0x0000000000109194                FSUSER_GetSdmcArchiveResource
 .text.FSUSER_IsSdmcWritable
                0x0000000000109220       0x64 /home/drsn0w/devkitPro/libctru/lib/libctru.a(fs.o)
                0x0000000000109220                FSUSER_IsSdmcWritable
 .text.FSFILE_Read
                0x0000000000109284       0x5c /home/drsn0w/devkitPro/libctru/lib/libctru.a(fs.o)
                0x0000000000109284                FSFILE_Read
 .text.FSFILE_Write
                0x00000000001092e0       0x64 /home/drsn0w/devkitPro/libctru/lib/libctru.a(fs.o)
                0x00000000001092e0                FSFILE_Write
 .text.FSFILE_GetSize
                0x0000000000109344       0x3c /home/drsn0w/devkitPro/libctru/lib/libctru.a(fs.o)
                0x0000000000109344                FSFILE_GetSize
 .text.FSFILE_SetSize
                0x0000000000109380       0x2c /home/drsn0w/devkitPro/libctru/lib/libctru.a(fs.o)
                0x0000000000109380                FSFILE_SetSize
 .text.FSFILE_Close
                0x00000000001093ac       0x3c /home/drsn0w/devkitPro/libctru/lib/libctru.a(fs.o)
                0x00000000001093ac                FSFILE_Close
 .text.FSFILE_Flush
                0x00000000001093e8       0x24 /home/drsn0w/devkitPro/libctru/lib/libctru.a(fs.o)
                0x00000000001093e8                FSFILE_Flush
 .text.FSDIR_Read
                0x000000000010940c       0x54 /home/drsn0w/devkitPro/libctru/lib/libctru.a(fs.o)
                0x000000000010940c                FSDIR_Read
 .text.FSDIR_Close
                0x0000000000109460       0x3c /home/drsn0w/devkitPro/libctru/lib/libctru.a(fs.o)
                0x0000000000109460                FSDIR_Close
 .text.rbtree_node_next
                0x000000000010949c       0x8c /home/drsn0w/devkitPro/libctru/lib/libctru.a(rbtree_iterator.o)
                0x000000000010949c                rbtree_node_next
 .text.decode_utf8
                0x0000000000109528      0x138 /home/drsn0w/devkitPro/libctru/lib/libctru.a(decode_utf8.o)
                0x0000000000109528                decode_utf8
 .text.utf16_to_utf8
                0x0000000000109660       0xe4 /home/drsn0w/devkitPro/libctru/lib/libctru.a(utf16_to_utf8.o)
                0x0000000000109660                utf16_to_utf8
 .text.utf8_to_utf16
                0x0000000000109744       0xbc /home/drsn0w/devkitPro/libctru/lib/libctru.a(utf8_to_utf16.o)
                0x0000000000109744                utf8_to_utf16
 .text.__aeabi_read_tp
                0x0000000000109800        0xc /home/drsn0w/devkitPro/libctru/lib/libctru.a(readtp.o)
                0x0000000000109800                __aeabi_read_tp
 .text.decode_utf16
                0x000000000010980c       0x60 /home/drsn0w/devkitPro/libctru/lib/libctru.a(decode_utf16.o)
                0x000000000010980c                decode_utf16
 .text.encode_utf16
                0x000000000010986c       0x68 /home/drsn0w/devkitPro/libctru/lib/libctru.a(encode_utf16.o)
                0x000000000010986c                encode_utf16
 .text.encode_utf8
                0x00000000001098d4      0x104 /home/drsn0w/devkitPro/libctru/lib/libctru.a(encode_utf8.o)
                0x00000000001098d4                encode_utf8
 .text.bsearch  0x00000000001099d8       0x78 /home/drsn0w/devkitPro/devkitARM/bin/../lib/gcc/arm-none-eabi/5.3.0/../../../../arm-none-eabi/lib/armv6k/fpu/libg.a(lib_a-bsearch.o)
                0x00000000001099d8                bsearch
 .text.__libc_fini_array
                0x0000000000109a50       0x3c /home/drsn0w/devkitPro/devkitARM/bin/../lib/gcc/arm-none-eabi/5.3.0/../../../../arm-none-eabi/lib/armv6k/fpu/libg.a(lib_a-fini.o)
                0x0000000000109a50                __libc_fini_array
 .text.__libc_init_array
                0x0000000000109a8c       0x78 /home/drsn0w/devkitPro/devkitARM/bin/../lib/gcc/arm-none-eabi/5.3.0/../../../../arm-none-eabi/lib/armv6k/fpu/libg.a(lib_a-init.o)
                0x0000000000109a8c                __libc_init_array
 .text.iprintf  0x0000000000109b04       0x38 /home/drsn0w/devkitPro/devkitARM/bin/../lib/gcc/arm-none-eabi/5.3.0/../../../../arm-none-eabi/lib/armv6k/fpu/libg.a(lib_a-iprintf.o)
                0x0000000000109b04                iprintf
 .text.memalign
                0x0000000000109b3c       0x20 /home/drsn0w/devkitPro/devkitARM/bin/../lib/gcc/arm-none-eabi/5.3.0/../../../../arm-none-eabi/lib/armv6k/fpu/libg.a(lib_a-malign.o)
                0x0000000000109b3c                memalign
 .text._memalign_r
                0x0000000000109b5c      0x15c /home/drsn0w/devkitPro/devkitARM/bin/../lib/gcc/arm-none-eabi/5.3.0/../../../../arm-none-eabi/lib/armv6k/fpu/libg.a(lib_a-malignr.o)
                0x0000000000109b5c                _memalign_r
 .text.malloc   0x0000000000109cb8       0x18 /home/drsn0w/devkitPro/devkitARM/bin/../lib/gcc/arm-none-eabi/5.3.0/../../../../arm-none-eabi/lib/armv6k/fpu/libg.a(lib_a-malloc.o)
                0x0000000000109cb8                malloc
 .text.free     0x0000000000109cd0       0x18 /home/drsn0w/devkitPro/devkitARM/bin/../lib/gcc/arm-none-eabi/5.3.0/../../../../arm-none-eabi/lib/armv6k/fpu/libg.a(lib_a-malloc.o)
                0x0000000000109cd0                free
 .text._malloc_r
                0x0000000000109ce8      0x7a8 /home/drsn0w/devkitPro/devkitARM/bin/../lib/gcc/arm-none-eabi/5.3.0/../../../../arm-none-eabi/lib/armv6k/fpu/libg.a(lib_a-mallocr.o)
                0x0000000000109ce8                _malloc_r
 .text.memcpy   0x000000000010a490       0xf0 /home/drsn0w/devkitPro/devkitARM/bin/../lib/gcc/arm-none-eabi/5.3.0/../../../../arm-none-eabi/lib/armv6k/fpu/libg.a(lib_a-memcpy.o)
                0x000000000010a490                memcpy
 .text.memset   0x000000000010a580       0xf4 /home/drsn0w/devkitPro/devkitARM/bin/../lib/gcc/arm-none-eabi/5.3.0/../../../../arm-none-eabi/lib/armv6k/fpu/libg.a(lib_a-memset.o)
                0x000000000010a580                memset
 .text.__malloc_lock
                0x000000000010a674        0xc /home/drsn0w/devkitPro/devkitARM/bin/../lib/gcc/arm-none-eabi/5.3.0/../../../../arm-none-eabi/lib/armv6k/fpu/libg.a(lib_a-mlock.o)
                0x000000000010a674                __malloc_lock
 .text.__malloc_unlock
                0x000000000010a680        0xc /home/drsn0w/devkitPro/devkitARM/bin/../lib/gcc/arm-none-eabi/5.3.0/../../../../arm-none-eabi/lib/armv6k/fpu/libg.a(lib_a-mlock.o)
                0x000000000010a680                __malloc_unlock
 .text.printf   0x000000000010a68c       0x38 /home/drsn0w/devkitPro/devkitARM/bin/../lib/gcc/arm-none-eabi/5.3.0/../../../../arm-none-eabi/lib/armv6k/fpu/libg.a(lib_a-printf.o)
                0x000000000010a68c                printf
 .text._puts_r  0x000000000010a6c4       0xec /home/drsn0w/devkitPro/devkitARM/bin/../lib/gcc/arm-none-eabi/5.3.0/../../../../arm-none-eabi/lib/armv6k/fpu/libg.a(lib_a-puts.o)
                0x000000000010a6c4                _puts_r
 .text.puts     0x000000000010a7b0       0x18 /home/drsn0w/devkitPro/devkitARM/bin/../lib/gcc/arm-none-eabi/5.3.0/../../../../arm-none-eabi/lib/armv6k/fpu/libg.a(lib_a-puts.o)
                0x000000000010a7b0                puts
 .text.setvbuf  0x000000000010a7c8      0x1fc /home/drsn0w/devkitPro/devkitARM/bin/../lib/gcc/arm-none-eabi/5.3.0/../../../../arm-none-eabi/lib/armv6k/fpu/libg.a(lib_a-setvbuf.o)
                0x000000000010a7c8                setvbuf
 .text.sscanf   0x000000000010a9c4       0x74 /home/drsn0w/devkitPro/devkitARM/bin/../lib/gcc/arm-none-eabi/5.3.0/../../../../arm-none-eabi/lib/armv6k/fpu/libg.a(lib_a-sscanf.o)
                0x000000000010a9c4                sscanf
 .text.__sread  0x000000000010aa38       0x30 /home/drsn0w/devkitPro/devkitARM/bin/../lib/gcc/arm-none-eabi/5.3.0/../../../../arm-none-eabi/lib/armv6k/fpu/libg.a(lib_a-stdio.o)
                0x000000000010aa38                __sread
 .text.__seofread
                0x000000000010aa68        0x8 /home/drsn0w/devkitPro/devkitARM/bin/../lib/gcc/arm-none-eabi/5.3.0/../../../../arm-none-eabi/lib/armv6k/fpu/libg.a(lib_a-stdio.o)
                0x000000000010aa68                __seofread
 .text.__swrite
                0x000000000010aa70       0x54 /home/drsn0w/devkitPro/devkitARM/bin/../lib/gcc/arm-none-eabi/5.3.0/../../../../arm-none-eabi/lib/armv6k/fpu/libg.a(lib_a-stdio.o)
                0x000000000010aa70                __swrite
 .text.__sseek  0x000000000010aac4       0x2c /home/drsn0w/devkitPro/devkitARM/bin/../lib/gcc/arm-none-eabi/5.3.0/../../../../arm-none-eabi/lib/armv6k/fpu/libg.a(lib_a-stdio.o)
                0x000000000010aac4                __sseek
 .text.__sclose
                0x000000000010aaf0        0x8 /home/drsn0w/devkitPro/devkitARM/bin/../lib/gcc/arm-none-eabi/5.3.0/../../../../arm-none-eabi/lib/armv6k/fpu/libg.a(lib_a-stdio.o)
                0x000000000010aaf0                __sclose
 .text.strchr   0x000000000010aaf8      0x15c /home/drsn0w/devkitPro/devkitARM/bin/../lib/gcc/arm-none-eabi/5.3.0/../../../../arm-none-eabi/lib/armv6k/fpu/libg.a(lib_a-strchr.o)
                0x000000000010aaf8                strchr
 .text.strlen   0x000000000010ac54       0x5c /home/drsn0w/devkitPro/devkitARM/bin/../lib/gcc/arm-none-eabi/5.3.0/../../../../arm-none-eabi/lib/armv6k/fpu/libg.a(lib_a-strlen.o)
                0x000000000010ac54                strlen
 .text.strncat  0x000000000010acb0       0xa4 /home/drsn0w/devkitPro/devkitARM/bin/../lib/gcc/arm-none-eabi/5.3.0/../../../../arm-none-eabi/lib/armv6k/fpu/libg.a(lib_a-strncat.o)
                0x000000000010acb0                strncat
 .text.strncpy  0x000000000010ad54       0xe0 /home/drsn0w/devkitPro/devkitARM/bin/../lib/gcc/arm-none-eabi/5.3.0/../../../../arm-none-eabi/lib/armv6k/fpu/libg.a(lib_a-strncpy.o)
                0x000000000010ad54                strncpy
 .text.__ssvfscanf_r
                0x000000000010ae34     0x2c20 /home/drsn0w/devkitPro/devkitARM/bin/../lib/gcc/arm-none-eabi/5.3.0/../../../../arm-none-eabi/lib/armv6k/fpu/libg.a(lib_a-svfscanf.o)
                0x000000000010ae34                __ssvfscanf_r
 .text.get_arg  0x000000000010da54     0x161c /home/drsn0w/devkitPro/devkitARM/bin/../lib/gcc/arm-none-eabi/5.3.0/../../../../arm-none-eabi/lib/armv6k/fpu/libg.a(lib_a-vfiprintf.o)
 .text.__sprint_r.part.0
                0x000000000010f070       0xa4 /home/drsn0w/devkitPro/devkitARM/bin/../lib/gcc/arm-none-eabi/5.3.0/../../../../arm-none-eabi/lib/armv6k/fpu/libg.a(lib_a-vfiprintf.o)
 .text.__sprint_r
                0x000000000010f114       0x1c /home/drsn0w/devkitPro/devkitARM/bin/../lib/gcc/arm-none-eabi/5.3.0/../../../../arm-none-eabi/lib/armv6k/fpu/libg.a(lib_a-vfiprintf.o)
                0x000000000010f114                __sprint_r
 .text._vfiprintf_r
                0x000000000010f130     0x3464 /home/drsn0w/devkitPro/devkitARM/bin/../lib/gcc/arm-none-eabi/5.3.0/../../../../arm-none-eabi/lib/armv6k/fpu/libg.a(lib_a-vfiprintf.o)
                0x000000000010f130                _vfiprintf_r
 .text.__sbprintf
                0x0000000000112594       0xcc /home/drsn0w/devkitPro/devkitARM/bin/../lib/gcc/arm-none-eabi/5.3.0/../../../../arm-none-eabi/lib/armv6k/fpu/libg.a(lib_a-vfiprintf.o)
 .text.get_arg  0x0000000000112660     0x161c /home/drsn0w/devkitPro/devkitARM/bin/../lib/gcc/arm-none-eabi/5.3.0/../../../../arm-none-eabi/lib/armv6k/fpu/libg.a(lib_a-vfprintf.o)
 *fill*         0x0000000000113c7c        0x4 
 .text._vfprintf_r
                0x0000000000113c80     0x4878 /home/drsn0w/devkitPro/devkitARM/bin/../lib/gcc/arm-none-eabi/5.3.0/../../../../arm-none-eabi/lib/armv6k/fpu/libg.a(lib_a-vfprintf.o)
                0x0000000000113c80                _vfprintf_r
 .text.__sbprintf
                0x00000000001184f8       0xcc /home/drsn0w/devkitPro/devkitARM/bin/../lib/gcc/arm-none-eabi/5.3.0/../../../../arm-none-eabi/lib/armv6k/fpu/libg.a(lib_a-vfprintf.o)
 .text._wcrtomb_r
                0x00000000001185c4       0x8c /home/drsn0w/devkitPro/devkitARM/bin/../lib/gcc/arm-none-eabi/5.3.0/../../../../arm-none-eabi/lib/armv6k/fpu/libg.a(lib_a-wcrtomb.o)
                0x00000000001185c4                _wcrtomb_r
 .text._wcsrtombs_r
                0x0000000000118650       0x20 /home/drsn0w/devkitPro/devkitARM/bin/../lib/gcc/arm-none-eabi/5.3.0/../../../../arm-none-eabi/lib/armv6k/fpu/libg.a(lib_a-wcsrtombs.o)
                0x0000000000118650                _wcsrtombs_r
 .text.__utf8_wctomb
                0x0000000000118670      0x114 /home/drsn0w/devkitPro/devkitARM/bin/../lib/gcc/arm-none-eabi/5.3.0/../../../../arm-none-eabi/lib/armv6k/fpu/libg.a(lib_a-wctomb_r.o)
                0x0000000000118670                __utf8_wctomb
 .text.__swsetup_r
                0x0000000000118784      0x148 /home/drsn0w/devkitPro/devkitARM/bin/../lib/gcc/arm-none-eabi/5.3.0/../../../../arm-none-eabi/lib/armv6k/fpu/libg.a(lib_a-wsetup.o)
                0x0000000000118784                __swsetup_r
 .text.quorem   0x00000000001188cc      0x1bc /home/drsn0w/devkitPro/devkitARM/bin/../lib/gcc/arm-none-eabi/5.3.0/../../../../arm-none-eabi/lib/armv6k/fpu/libg.a(lib_a-dtoa.o)
 .text._dtoa_r  0x0000000000118a88     0x12c8 /home/drsn0w/devkitPro/devkitARM/bin/../lib/gcc/arm-none-eabi/5.3.0/../../../../arm-none-eabi/lib/armv6k/fpu/libg.a(lib_a-dtoa.o)
                0x0000000000118a88                _dtoa_r
 .text.__sflush_r
                0x0000000000119d50      0x230 /home/drsn0w/devkitPro/devkitARM/bin/../lib/gcc/arm-none-eabi/5.3.0/../../../../arm-none-eabi/lib/armv6k/fpu/libg.a(lib_a-fflush.o)
                0x0000000000119d50                __sflush_r
 .text._fflush_r
                0x0000000000119f80       0x90 /home/drsn0w/devkitPro/devkitARM/bin/../lib/gcc/arm-none-eabi/5.3.0/../../../../arm-none-eabi/lib/armv6k/fpu/libg.a(lib_a-fflush.o)
                0x0000000000119f80                _fflush_r
 .text._cleanup_r
                0x000000000011a010        0xc /home/drsn0w/devkitPro/devkitARM/bin/../lib/gcc/arm-none-eabi/5.3.0/../../../../arm-none-eabi/lib/armv6k/fpu/libg.a(lib_a-findfp.o)
                0x000000000011a010                _cleanup_r
 .text.std.isra.0
                0x000000000011a01c       0x80 /home/drsn0w/devkitPro/devkitARM/bin/../lib/gcc/arm-none-eabi/5.3.0/../../../../arm-none-eabi/lib/armv6k/fpu/libg.a(lib_a-findfp.o)
 .text.__sinit  0x000000000011a09c       0x8c /home/drsn0w/devkitPro/devkitARM/bin/../lib/gcc/arm-none-eabi/5.3.0/../../../../arm-none-eabi/lib/armv6k/fpu/libg.a(lib_a-findfp.o)
                0x000000000011a09c                __sinit
 .text.__sfp_lock_acquire
                0x000000000011a128        0xc /home/drsn0w/devkitPro/devkitARM/bin/../lib/gcc/arm-none-eabi/5.3.0/../../../../arm-none-eabi/lib/armv6k/fpu/libg.a(lib_a-findfp.o)
                0x000000000011a128                __sfp_lock_acquire
 .text.__sfp_lock_release
                0x000000000011a134        0xc /home/drsn0w/devkitPro/devkitARM/bin/../lib/gcc/arm-none-eabi/5.3.0/../../../../arm-none-eabi/lib/armv6k/fpu/libg.a(lib_a-findfp.o)
                0x000000000011a134                __sfp_lock_release
 .text.__fputwc
                0x000000000011a140      0x124 /home/drsn0w/devkitPro/devkitARM/bin/../lib/gcc/arm-none-eabi/5.3.0/../../../../arm-none-eabi/lib/armv6k/fpu/libg.a(lib_a-fputwc.o)
                0x000000000011a140                __fputwc
 .text._fputwc_r
                0x000000000011a264       0xa8 /home/drsn0w/devkitPro/devkitARM/bin/../lib/gcc/arm-none-eabi/5.3.0/../../../../arm-none-eabi/lib/armv6k/fpu/libg.a(lib_a-fputwc.o)
                0x000000000011a264                _fputwc_r
 .text._malloc_trim_r
                0x000000000011a30c       0xf8 /home/drsn0w/devkitPro/devkitARM/bin/../lib/gcc/arm-none-eabi/5.3.0/../../../../arm-none-eabi/lib/armv6k/fpu/libg.a(lib_a-freer.o)
                0x000000000011a30c                _malloc_trim_r
 .text._free_r  0x000000000011a404      0x2e4 /home/drsn0w/devkitPro/devkitARM/bin/../lib/gcc/arm-none-eabi/5.3.0/../../../../arm-none-eabi/lib/armv6k/fpu/libg.a(lib_a-freer.o)
                0x000000000011a404                _free_r
 .text.__sfvwrite_r
                0x000000000011a6e8      0x4a4 /home/drsn0w/devkitPro/devkitARM/bin/../lib/gcc/arm-none-eabi/5.3.0/../../../../arm-none-eabi/lib/armv6k/fpu/libg.a(lib_a-fvwrite.o)
                0x000000000011a6e8                __sfvwrite_r
 .text._fwalk_reent
                0x000000000011ab8c       0x80 /home/drsn0w/devkitPro/devkitARM/bin/../lib/gcc/arm-none-eabi/5.3.0/../../../../arm-none-eabi/lib/armv6k/fpu/libg.a(lib_a-fwalk.o)
                0x000000000011ab8c                _fwalk_reent
 .text.iswspace
                0x000000000011ac0c       0x74 /home/drsn0w/devkitPro/devkitARM/bin/../lib/gcc/arm-none-eabi/5.3.0/../../../../arm-none-eabi/lib/armv6k/fpu/libg.a(lib_a-iswspace.o)
                0x000000000011ac0c                iswspace
 .text.__jp2uc  0x000000000011ac80      0x204 /home/drsn0w/devkitPro/devkitARM/bin/../lib/gcc/arm-none-eabi/5.3.0/../../../../arm-none-eabi/lib/armv6k/fpu/libg.a(lib_a-jp2uc.o)
 .text._jp2uc   0x000000000011ae84       0x84 /home/drsn0w/devkitPro/devkitARM/bin/../lib/gcc/arm-none-eabi/5.3.0/../../../../arm-none-eabi/lib/armv6k/fpu/libg.a(lib_a-jp2uc.o)
                0x000000000011ae84                _jp2uc
 .text.__locale_charset
                0x000000000011af08        0xc /home/drsn0w/devkitPro/devkitARM/bin/../lib/gcc/arm-none-eabi/5.3.0/../../../../arm-none-eabi/lib/armv6k/fpu/libg.a(lib_a-locale.o)
                0x000000000011af08                __locale_charset
 .text.__locale_mb_cur_max
                0x000000000011af14       0x10 /home/drsn0w/devkitPro/devkitARM/bin/../lib/gcc/arm-none-eabi/5.3.0/../../../../arm-none-eabi/lib/armv6k/fpu/libg.a(lib_a-locale.o)
                0x000000000011af14                __locale_mb_cur_max
 .text._localeconv_r
                0x000000000011af24        0xc /home/drsn0w/devkitPro/devkitARM/bin/../lib/gcc/arm-none-eabi/5.3.0/../../../../arm-none-eabi/lib/armv6k/fpu/libg.a(lib_a-locale.o)
                0x000000000011af24                _localeconv_r
 .text.__smakebuf_r
                0x000000000011af30      0x160 /home/drsn0w/devkitPro/devkitARM/bin/../lib/gcc/arm-none-eabi/5.3.0/../../../../arm-none-eabi/lib/armv6k/fpu/libg.a(lib_a-makebuf.o)
                0x000000000011af30                __smakebuf_r
 .text._mbrtowc_r
                0x000000000011b090       0x98 /home/drsn0w/devkitPro/devkitARM/bin/../lib/gcc/arm-none-eabi/5.3.0/../../../../arm-none-eabi/lib/armv6k/fpu/libg.a(lib_a-mbrtowc.o)
                0x000000000011b090                _mbrtowc_r
 .text.__utf8_mbtowc
                0x000000000011b128      0x2fc /home/drsn0w/devkitPro/devkitARM/bin/../lib/gcc/arm-none-eabi/5.3.0/../../../../arm-none-eabi/lib/armv6k/fpu/libg.a(lib_a-mbtowc_r.o)
                0x000000000011b128                __utf8_mbtowc
 .text.memchr   0x000000000011b424      0x100 /home/drsn0w/devkitPro/devkitARM/bin/../lib/gcc/arm-none-eabi/5.3.0/../../../../arm-none-eabi/lib/armv6k/fpu/libg.a(lib_a-memchr.o)
                0x000000000011b424                memchr
 .text.memmove  0x000000000011b524      0x128 /home/drsn0w/devkitPro/devkitARM/bin/../lib/gcc/arm-none-eabi/5.3.0/../../../../arm-none-eabi/lib/armv6k/fpu/libg.a(lib_a-memmove.o)
                0x000000000011b524                memmove
 .text._Balloc  0x000000000011b64c       0x8c /home/drsn0w/devkitPro/devkitARM/bin/../lib/gcc/arm-none-eabi/5.3.0/../../../../arm-none-eabi/lib/armv6k/fpu/libg.a(lib_a-mprec.o)
                0x000000000011b64c                _Balloc
 .text._Bfree   0x000000000011b6d8       0x1c /home/drsn0w/devkitPro/devkitARM/bin/../lib/gcc/arm-none-eabi/5.3.0/../../../../arm-none-eabi/lib/armv6k/fpu/libg.a(lib_a-mprec.o)
                0x000000000011b6d8                _Bfree
 .text.__multadd
                0x000000000011b6f4       0xd0 /home/drsn0w/devkitPro/devkitARM/bin/../lib/gcc/arm-none-eabi/5.3.0/../../../../arm-none-eabi/lib/armv6k/fpu/libg.a(lib_a-mprec.o)
                0x000000000011b6f4                __multadd
 .text.__s2b    0x000000000011b7c4       0xe4 /home/drsn0w/devkitPro/devkitARM/bin/../lib/gcc/arm-none-eabi/5.3.0/../../../../arm-none-eabi/lib/armv6k/fpu/libg.a(lib_a-mprec.o)
                0x000000000011b7c4                __s2b
 .text.__hi0bits
                0x000000000011b8a8       0x5c /home/drsn0w/devkitPro/devkitARM/bin/../lib/gcc/arm-none-eabi/5.3.0/../../../../arm-none-eabi/lib/armv6k/fpu/libg.a(lib_a-mprec.o)
                0x000000000011b8a8                __hi0bits
 .text.__lo0bits
                0x000000000011b904       0x98 /home/drsn0w/devkitPro/devkitARM/bin/../lib/gcc/arm-none-eabi/5.3.0/../../../../arm-none-eabi/lib/armv6k/fpu/libg.a(lib_a-mprec.o)
                0x000000000011b904                __lo0bits
 .text.__i2b    0x000000000011b99c       0x20 /home/drsn0w/devkitPro/devkitARM/bin/../lib/gcc/arm-none-eabi/5.3.0/../../../../arm-none-eabi/lib/armv6k/fpu/libg.a(lib_a-mprec.o)
                0x000000000011b99c                __i2b
 .text.__multiply
                0x000000000011b9bc      0x1dc /home/drsn0w/devkitPro/devkitARM/bin/../lib/gcc/arm-none-eabi/5.3.0/../../../../arm-none-eabi/lib/armv6k/fpu/libg.a(lib_a-mprec.o)
                0x000000000011b9bc                __multiply
 .text.__pow5mult
                0x000000000011bb98      0x100 /home/drsn0w/devkitPro/devkitARM/bin/../lib/gcc/arm-none-eabi/5.3.0/../../../../arm-none-eabi/lib/armv6k/fpu/libg.a(lib_a-mprec.o)
                0x000000000011bb98                __pow5mult
 .text.__lshift
                0x000000000011bc98       0xf0 /home/drsn0w/devkitPro/devkitARM/bin/../lib/gcc/arm-none-eabi/5.3.0/../../../../arm-none-eabi/lib/armv6k/fpu/libg.a(lib_a-mprec.o)
                0x000000000011bc98                __lshift
 .text.__mcmp   0x000000000011bd88       0x64 /home/drsn0w/devkitPro/devkitARM/bin/../lib/gcc/arm-none-eabi/5.3.0/../../../../arm-none-eabi/lib/armv6k/fpu/libg.a(lib_a-mprec.o)
                0x000000000011bd88                __mcmp
 .text.__mdiff  0x000000000011bdec      0x198 /home/drsn0w/devkitPro/devkitARM/bin/../lib/gcc/arm-none-eabi/5.3.0/../../../../arm-none-eabi/lib/armv6k/fpu/libg.a(lib_a-mprec.o)
                0x000000000011bdec                __mdiff
 .text.__ulp    0x000000000011bf84       0x78 /home/drsn0w/devkitPro/devkitARM/bin/../lib/gcc/arm-none-eabi/5.3.0/../../../../arm-none-eabi/lib/armv6k/fpu/libg.a(lib_a-mprec.o)
                0x000000000011bf84                __ulp
 .text.__b2d    0x000000000011bffc       0xd4 /home/drsn0w/devkitPro/devkitARM/bin/../lib/gcc/arm-none-eabi/5.3.0/../../../../arm-none-eabi/lib/armv6k/fpu/libg.a(lib_a-mprec.o)
                0x000000000011bffc                __b2d
 .text.__d2b    0x000000000011c0d0      0x104 /home/drsn0w/devkitPro/devkitARM/bin/../lib/gcc/arm-none-eabi/5.3.0/../../../../arm-none-eabi/lib/armv6k/fpu/libg.a(lib_a-mprec.o)
                0x000000000011c0d0                __d2b
 .text.__ratio  0x000000000011c1d4       0x78 /home/drsn0w/devkitPro/devkitARM/bin/../lib/gcc/arm-none-eabi/5.3.0/../../../../arm-none-eabi/lib/armv6k/fpu/libg.a(lib_a-mprec.o)
                0x000000000011c1d4                __ratio
 .text.__copybits
                0x000000000011c24c       0x6c /home/drsn0w/devkitPro/devkitARM/bin/../lib/gcc/arm-none-eabi/5.3.0/../../../../arm-none-eabi/lib/armv6k/fpu/libg.a(lib_a-mprec.o)
                0x000000000011c24c                __copybits
 .text.__any_on
                0x000000000011c2b8       0x80 /home/drsn0w/devkitPro/devkitARM/bin/../lib/gcc/arm-none-eabi/5.3.0/../../../../arm-none-eabi/lib/armv6k/fpu/libg.a(lib_a-mprec.o)
                0x000000000011c2b8                __any_on
 .text._realloc_r
                0x000000000011c338      0x4c0 /home/drsn0w/devkitPro/devkitARM/bin/../lib/gcc/arm-none-eabi/5.3.0/../../../../arm-none-eabi/lib/armv6k/fpu/libg.a(lib_a-reallocr.o)
                0x000000000011c338                _realloc_r
 .text.__sccl   0x000000000011c7f8       0xd0 /home/drsn0w/devkitPro/devkitARM/bin/../lib/gcc/arm-none-eabi/5.3.0/../../../../arm-none-eabi/lib/armv6k/fpu/libg.a(lib_a-sccl.o)
                0x000000000011c7f8                __sccl
 .text.nanf     0x000000000011c8c8        0xc /home/drsn0w/devkitPro/devkitARM/bin/../lib/gcc/arm-none-eabi/5.3.0/../../../../arm-none-eabi/lib/armv6k/fpu/libg.a(lib_a-sf_nan.o)
                0x000000000011c8c8                nanf
 .text.__fpclassifyd
                0x000000000011c8d4       0x74 /home/drsn0w/devkitPro/devkitARM/bin/../lib/gcc/arm-none-eabi/5.3.0/../../../../arm-none-eabi/lib/armv6k/fpu/libg.a(lib_a-s_fpclassify.o)
                0x000000000011c8d4                __fpclassifyd
 .text.frexp    0x000000000011c948       0x98 /home/drsn0w/devkitPro/devkitARM/bin/../lib/gcc/arm-none-eabi/5.3.0/../../../../arm-none-eabi/lib/armv6k/fpu/libg.a(lib_a-s_frexp.o)
                0x000000000011c948                frexp
 .text.sprintf  0x000000000011c9e0       0x68 /home/drsn0w/devkitPro/devkitARM/bin/../lib/gcc/arm-none-eabi/5.3.0/../../../../arm-none-eabi/lib/armv6k/fpu/libg.a(lib_a-sprintf.o)
                0x000000000011c9e0                sprintf
 .text.stpncpy  0x000000000011ca48      0x108 /home/drsn0w/devkitPro/devkitARM/bin/../lib/gcc/arm-none-eabi/5.3.0/../../../../arm-none-eabi/lib/armv6k/fpu/libg.a(lib_a-stpncpy.o)
                0x000000000011ca48                stpncpy
 .text.strncmp  0x000000000011cb50      0x11c /home/drsn0w/devkitPro/devkitARM/bin/../lib/gcc/arm-none-eabi/5.3.0/../../../../arm-none-eabi/lib/armv6k/fpu/libg.a(lib_a-strncmp.o)
                0x000000000011cb50                strncmp
 .text.unlikely.sulp
                0x000000000011cc6c       0x58 /home/drsn0w/devkitPro/devkitARM/bin/../lib/gcc/arm-none-eabi/5.3.0/../../../../arm-none-eabi/lib/armv6k/fpu/libg.a(lib_a-strtod.o)
 *fill*         0x000000000011ccc4        0x4 
 .text._strtod_r
                0x000000000011ccc8     0x1450 /home/drsn0w/devkitPro/devkitARM/bin/../lib/gcc/arm-none-eabi/5.3.0/../../../../arm-none-eabi/lib/armv6k/fpu/libg.a(lib_a-strtod.o)
                0x000000000011ccc8                _strtod_r
 .text._strtoll_r
                0x000000000011e118      0x25c /home/drsn0w/devkitPro/devkitARM/bin/../lib/gcc/arm-none-eabi/5.3.0/../../../../arm-none-eabi/lib/armv6k/fpu/libg.a(lib_a-strtoll_r.o)
                0x000000000011e118                _strtoll_r
 .text._strtol_r
                0x000000000011e374      0x1d4 /home/drsn0w/devkitPro/devkitARM/bin/../lib/gcc/arm-none-eabi/5.3.0/../../../../arm-none-eabi/lib/armv6k/fpu/libg.a(lib_a-strtol.o)
                0x000000000011e374                _strtol_r
 .text._strtoull_r
                0x000000000011e548      0x268 /home/drsn0w/devkitPro/devkitARM/bin/../lib/gcc/arm-none-eabi/5.3.0/../../../../arm-none-eabi/lib/armv6k/fpu/libg.a(lib_a-strtoull_r.o)
                0x000000000011e548                _strtoull_r
 .text._strtoul_r
                0x000000000011e7b0      0x1d4 /home/drsn0w/devkitPro/devkitARM/bin/../lib/gcc/arm-none-eabi/5.3.0/../../../../arm-none-eabi/lib/armv6k/fpu/libg.a(lib_a-strtoul.o)
                0x000000000011e7b0                _strtoul_r
 .text.__ssprint_r
                0x000000000011e984      0x1a8 /home/drsn0w/devkitPro/devkitARM/bin/../lib/gcc/arm-none-eabi/5.3.0/../../../../arm-none-eabi/lib/armv6k/fpu/libg.a(lib_a-svfiprintf.o)
                0x000000000011e984                __ssprint_r
 .text._sungetc_r
                0x000000000011eb2c       0xf8 /home/drsn0w/devkitPro/devkitARM/bin/../lib/gcc/arm-none-eabi/5.3.0/../../../../arm-none-eabi/lib/armv6k/fpu/libg.a(lib_a-svfiscanf.o)
                0x000000000011eb2c                _sungetc_r
 .text.__ssrefill_r
                0x000000000011ec24       0x6c /home/drsn0w/devkitPro/devkitARM/bin/../lib/gcc/arm-none-eabi/5.3.0/../../../../arm-none-eabi/lib/armv6k/fpu/libg.a(lib_a-svfiscanf.o)
                0x000000000011ec24                __ssrefill_r
 .text._sfread_r
                0x000000000011ec90       0xc8 /home/drsn0w/devkitPro/devkitARM/bin/../lib/gcc/arm-none-eabi/5.3.0/../../../../arm-none-eabi/lib/armv6k/fpu/libg.a(lib_a-svfiscanf.o)
                0x000000000011ec90                _sfread_r
 .text.get_arg  0x000000000011ed58     0x161c /home/drsn0w/devkitPro/devkitARM/bin/../lib/gcc/arm-none-eabi/5.3.0/../../../../arm-none-eabi/lib/armv6k/fpu/libg.a(lib_a-svfprintf.o)
 *fill*         0x0000000000120374        0x4 
 .text._svfprintf_r
                0x0000000000120378     0x4a00 /home/drsn0w/devkitPro/devkitARM/bin/../lib/gcc/arm-none-eabi/5.3.0/../../../../arm-none-eabi/lib/armv6k/fpu/libg.a(lib_a-svfprintf.o)
                0x0000000000120378                _svfprintf_r
 .text.__submore
                0x0000000000124d78       0xa8 /home/drsn0w/devkitPro/devkitARM/bin/../lib/gcc/arm-none-eabi/5.3.0/../../../../arm-none-eabi/lib/armv6k/fpu/libg.a(lib_a-ungetc.o)
                0x0000000000124d78                __submore
 .text.__swbuf_r
                0x0000000000124e20      0x124 /home/drsn0w/devkitPro/devkitARM/bin/../lib/gcc/arm-none-eabi/5.3.0/../../../../arm-none-eabi/lib/armv6k/fpu/libg.a(lib_a-wbuf.o)
                0x0000000000124e20                __swbuf_r
 .text._wcsnrtombs_r
                0x0000000000124f44      0x190 /home/drsn0w/devkitPro/devkitARM/bin/../lib/gcc/arm-none-eabi/5.3.0/../../../../arm-none-eabi/lib/armv6k/fpu/libg.a(lib_a-wcsnrtombs.o)
                0x0000000000124f44                _wcsnrtombs_r
 .text._calloc_r
                0x00000000001250d4       0x90 /home/drsn0w/devkitPro/devkitARM/bin/../lib/gcc/arm-none-eabi/5.3.0/../../../../arm-none-eabi/lib/armv6k/fpu/libg.a(lib_a-callocr.o)
                0x00000000001250d4                _calloc_r
 .text._fclose_r
                0x0000000000125164      0x120 /home/drsn0w/devkitPro/devkitARM/bin/../lib/gcc/arm-none-eabi/5.3.0/../../../../arm-none-eabi/lib/armv6k/fpu/libg.a(lib_a-fclose.o)
                0x0000000000125164                _fclose_r
 .text.rshift   0x0000000000125284       0xec /home/drsn0w/devkitPro/devkitARM/bin/../lib/gcc/arm-none-eabi/5.3.0/../../../../arm-none-eabi/lib/armv6k/fpu/libg.a(lib_a-gdtoa-gethex.o)
 .text.__gethex
                0x0000000000125370      0x7d0 /home/drsn0w/devkitPro/devkitARM/bin/../lib/gcc/arm-none-eabi/5.3.0/../../../../arm-none-eabi/lib/armv6k/fpu/libg.a(lib_a-gdtoa-gethex.o)
                0x0000000000125370                __gethex
 .text.__hexnan
                0x0000000000125b40      0x258 /home/drsn0w/devkitPro/devkitARM/bin/../lib/gcc/arm-none-eabi/5.3.0/../../../../arm-none-eabi/lib/armv6k/fpu/libg.a(lib_a-gdtoa-hexnan.o)
                0x0000000000125b40                __hexnan
 .text.__errno  0x0000000000125d98        0xc /home/drsn0w/devkitPro/devkitARM/bin/../lib/gcc/arm-none-eabi/5.3.0/../../../../arm-none-eabi/lib/armv6k/fpu/libg.a(lib_a-errno.o)
                0x0000000000125d98                __errno
 .text.strnlen  0x0000000000125da4       0x5c /home/drsn0w/devkitPro/devkitARM/bin/../lib/gcc/arm-none-eabi/5.3.0/../../../../arm-none-eabi/lib/armv6k/fpu/libg.a(lib_a-strnlen.o)
                0x0000000000125da4                strnlen
 .text.strrchr  0x0000000000125e00       0x44 /home/drsn0w/devkitPro/devkitARM/bin/../lib/gcc/arm-none-eabi/5.3.0/../../../../arm-none-eabi/lib/armv6k/fpu/libg.a(lib_a-strrchr.o)
                0x0000000000125e00                strrchr
 *(.glue_7)
 .glue_7        0x0000000000125e44        0x0 linker stubs
 *(.glue_7t)
 .glue_7t       0x0000000000125e44        0x0 linker stubs
 *(.stub)
 *(.gnu.warning)
 *(.gnu.linkonce.t*)
                0x0000000000125e44                . = ALIGN (0x4)
 *(.fini)
 .fini          0x0000000000125e44        0xc /home/drsn0w/devkitPro/devkitARM/bin/../lib/gcc/arm-none-eabi/5.3.0/armv6k/fpu/crti.o
                0x0000000000125e44                _fini
 .fini          0x0000000000125e50        0xc /home/drsn0w/devkitPro/devkitARM/bin/../lib/gcc/arm-none-eabi/5.3.0/armv6k/fpu/crtn.o
                0x0000000000125e5c                . = ALIGN (0x4)

.vfp11_veneer   0x0000000000125e5c        0x0
 .vfp11_veneer  0x0000000000125e5c        0x0 linker stubs

.v4_bx          0x0000000000125e5c        0x0
 .v4_bx         0x0000000000125e5c        0x0 linker stubs

.iplt           0x0000000000125e5c        0x0
 .iplt          0x0000000000125e5c        0x0 /home/drsn0w/devkitPro/devkitARM/bin/../lib/gcc/arm-none-eabi/5.3.0/../../../../arm-none-eabi/lib/armv6k/fpu/3dsx_crt0.o

.rodata         0x0000000000126000     0x4828
 *(.rodata)
 .rodata        0x0000000000126000      0x168 /home/drsn0w/devkitPro/libctru/lib/libctru.a(console.o)
 .rodata        0x0000000000126168       0x14 /home/drsn0w/devkitPro/libctru/lib/libctru.a(gfx.o)
 .rodata        0x000000000012617c        0xc /home/drsn0w/devkitPro/libctru/lib/libctru.a(apt.o)
 .rodata        0x0000000000126188      0x804 /home/drsn0w/devkitPro/libctru/lib/libctru.a(default_font.bin.o)
                0x0000000000126188                default_font_bin
                0x0000000000126988                default_font_bin_end
                0x0000000000126988                default_font_bin_size
 .rodata        0x000000000012698c       0x30 /home/drsn0w/devkitPro/libctru/lib/libctru.a(sdmc_dev.o)
 .rodata        0x00000000001269bc       0x68 /home/drsn0w/devkitPro/devkitARM/bin/../lib/gcc/arm-none-eabi/5.3.0/../../../../arm-none-eabi/lib/armv6k/fpu/libsysbase.a(iosupport.o)
                0x00000000001269bc                dotab_stdnull
 .rodata        0x0000000000126a24        0xc /home/drsn0w/devkitPro/devkitARM/bin/../lib/gcc/arm-none-eabi/5.3.0/../../../../arm-none-eabi/lib/armv6k/fpu/libsysbase.a(chdir.o)
                0x0000000000126a24                DIRECTORY_PARENT
                0x0000000000126a28                DIRECTORY_THIS
                0x0000000000126a2c                DIRECTORY_SEPARATOR
 *(.roda)
 *(.rodata.*)
 .rodata.str1.4
                0x0000000000126a30       0x73 ctrMenuLib.o
                                         0x74 (size before relaxing)
 *fill*         0x0000000000126aa3        0x1 
 .rodata.str1.4
                0x0000000000126aa4       0x88 main.o
 .rodata.str1.4
                0x0000000000126b2c       0x70 /home/drsn0w/devkitPro/libctru/lib/libctru.a(console.o)
 .rodata.str1.4
                0x0000000000126b9c       0x16 /home/drsn0w/devkitPro/libctru/lib/libctru.a(apt.o)
                                         0x18 (size before relaxing)
 *fill*         0x0000000000126bb2        0x2 
 .rodata.str1.4
                0x0000000000126bb4        0x9 /home/drsn0w/devkitPro/libctru/lib/libctru.a(gspgpu.o)
                                          0xc (size before relaxing)
 *fill*         0x0000000000126bbd        0x3 
 .rodata.str1.4
                0x0000000000126bc0       0x15 /home/drsn0w/devkitPro/libctru/lib/libctru.a(hid.o)
                                         0x18 (size before relaxing)
 *fill*         0x0000000000126bd5        0x3 
 .rodata.str1.4
                0x0000000000126bd8        0x7 /home/drsn0w/devkitPro/libctru/lib/libctru.a(irrst.o)
                                          0x8 (size before relaxing)
 *fill*         0x0000000000126bdf        0x1 
 .rodata.str1.4
                0x0000000000126be0        0x5 /home/drsn0w/devkitPro/libctru/lib/libctru.a(srv.o)
                                          0x8 (size before relaxing)
 *fill*         0x0000000000126be5        0x3 
 .rodata.str1.4
                0x0000000000126be8        0x2 /home/drsn0w/devkitPro/libctru/lib/libctru.a(thread.o)
                                          0x4 (size before relaxing)
 *fill*         0x0000000000126bea        0x2 
 .rodata.str1.4
                0x0000000000126bec        0x9 /home/drsn0w/devkitPro/libctru/lib/libctru.a(ptmsysm.o)
                                          0xc (size before relaxing)
 *fill*         0x0000000000126bf5        0x3 
 .rodata.str1.4
                0x0000000000126bf8        0x5 /home/drsn0w/devkitPro/libctru/lib/libctru.a(sdmc_dev.o)
                                          0xc (size before relaxing)
 *fill*         0x0000000000126bfd        0x3 
 .rodata.str1.4
                0x0000000000126c00        0x8 /home/drsn0w/devkitPro/libctru/lib/libctru.a(fs.o)
                                          0xc (size before relaxing)
 .rodata.str1.4
                0x0000000000126c08        0x4 /home/drsn0w/devkitPro/devkitARM/bin/../lib/gcc/arm-none-eabi/5.3.0/../../../../arm-none-eabi/lib/armv6k/fpu/libg.a(lib_a-impure.o)
 .rodata.str1.4
                0x0000000000126c08        0x2 /home/drsn0w/devkitPro/devkitARM/bin/../lib/gcc/arm-none-eabi/5.3.0/../../../../arm-none-eabi/lib/armv6k/fpu/libg.a(lib_a-puts.o)
                                          0x4 (size before relaxing)
 *fill*         0x0000000000126c0a        0x2 
 .rodata.basefix.7044
                0x0000000000126c0c       0x24 /home/drsn0w/devkitPro/devkitARM/bin/../lib/gcc/arm-none-eabi/5.3.0/../../../../arm-none-eabi/lib/armv6k/fpu/libg.a(lib_a-svfscanf.o)
 .rodata.str1.4
                0x0000000000126c30        0x5 /home/drsn0w/devkitPro/devkitARM/bin/../lib/gcc/arm-none-eabi/5.3.0/../../../../arm-none-eabi/lib/armv6k/fpu/libg.a(lib_a-svfscanf.o)
                                          0x8 (size before relaxing)
 *fill*         0x0000000000126c35        0x3 
 .rodata.blanks.7115
                0x0000000000126c38       0x10 /home/drsn0w/devkitPro/devkitARM/bin/../lib/gcc/arm-none-eabi/5.3.0/../../../../arm-none-eabi/lib/armv6k/fpu/libg.a(lib_a-vfiprintf.o)
 .rodata.str1.4
                0x0000000000126c48       0x2f /home/drsn0w/devkitPro/devkitARM/bin/../lib/gcc/arm-none-eabi/5.3.0/../../../../arm-none-eabi/lib/armv6k/fpu/libg.a(lib_a-vfiprintf.o)
                                         0x30 (size before relaxing)
 *fill*         0x0000000000126c77        0x1 
 .rodata.zeroes.7116
                0x0000000000126c78       0x10 /home/drsn0w/devkitPro/devkitARM/bin/../lib/gcc/arm-none-eabi/5.3.0/../../../../arm-none-eabi/lib/armv6k/fpu/libg.a(lib_a-vfiprintf.o)
 .rodata.zeroes.7138
                0x0000000000126c88       0x10 /home/drsn0w/devkitPro/devkitARM/bin/../lib/gcc/arm-none-eabi/5.3.0/../../../../arm-none-eabi/lib/armv6k/fpu/libg.a(lib_a-vfprintf.o)
 .rodata.str1.4
                0x0000000000126c98       0x12 /home/drsn0w/devkitPro/devkitARM/bin/../lib/gcc/arm-none-eabi/5.3.0/../../../../arm-none-eabi/lib/armv6k/fpu/libg.a(lib_a-vfprintf.o)
                                         0x44 (size before relaxing)
 *fill*         0x0000000000126caa        0x2 
 .rodata.blanks.7137
                0x0000000000126cac       0x10 /home/drsn0w/devkitPro/devkitARM/bin/../lib/gcc/arm-none-eabi/5.3.0/../../../../arm-none-eabi/lib/armv6k/fpu/libg.a(lib_a-vfprintf.o)
 .rodata._ctype_
                0x0000000000126cbc      0x104 /home/drsn0w/devkitPro/devkitARM/bin/../lib/gcc/arm-none-eabi/5.3.0/../../../../arm-none-eabi/lib/armv6k/fpu/libg.a(lib_a-ctype_.o)
                0x0000000000126cbc                _ctype_
 .rodata.str1.4
                0x0000000000126dc0       0x10 /home/drsn0w/devkitPro/devkitARM/bin/../lib/gcc/arm-none-eabi/5.3.0/../../../../arm-none-eabi/lib/armv6k/fpu/libg.a(lib_a-dtoa.o)
                                         0x14 (size before relaxing)
 .rodata.a1     0x0000000000126dd0       0xbc /home/drsn0w/devkitPro/devkitARM/bin/../lib/gcc/arm-none-eabi/5.3.0/../../../../arm-none-eabi/lib/armv6k/fpu/libg.a(lib_a-jp2uc.o)
 .rodata.a2     0x0000000000126e8c       0xbc /home/drsn0w/devkitPro/devkitARM/bin/../lib/gcc/arm-none-eabi/5.3.0/../../../../arm-none-eabi/lib/armv6k/fpu/libg.a(lib_a-jp2uc.o)
 .rodata.a3     0x0000000000126f48       0x5c /home/drsn0w/devkitPro/devkitARM/bin/../lib/gcc/arm-none-eabi/5.3.0/../../../../arm-none-eabi/lib/armv6k/fpu/libg.a(lib_a-jp2uc.o)
 .rodata.a6     0x0000000000126fa4       0x70 /home/drsn0w/devkitPro/devkitARM/bin/../lib/gcc/arm-none-eabi/5.3.0/../../../../arm-none-eabi/lib/armv6k/fpu/libg.a(lib_a-jp2uc.o)
 .rodata.a7     0x0000000000127014       0xa4 /home/drsn0w/devkitPro/devkitARM/bin/../lib/gcc/arm-none-eabi/5.3.0/../../../../arm-none-eabi/lib/armv6k/fpu/libg.a(lib_a-jp2uc.o)
 .rodata.a8     0x00000000001270b8       0x40 /home/drsn0w/devkitPro/devkitARM/bin/../lib/gcc/arm-none-eabi/5.3.0/../../../../arm-none-eabi/lib/armv6k/fpu/libg.a(lib_a-jp2uc.o)
 .rodata.str1.4
                0x00000000001270f8       0x12 /home/drsn0w/devkitPro/devkitARM/bin/../lib/gcc/arm-none-eabi/5.3.0/../../../../arm-none-eabi/lib/armv6k/fpu/libg.a(lib_a-jp2uc.o)
                                         0x14 (size before relaxing)
 *fill*         0x000000000012710a        0x2 
 .rodata.b02cf  0x000000000012710c     0x172c /home/drsn0w/devkitPro/devkitARM/bin/../lib/gcc/arm-none-eabi/5.3.0/../../../../arm-none-eabi/lib/armv6k/fpu/libg.a(lib_a-jp2uc.o)
 .rodata.d02f4  0x0000000000128838     0x1a7c /home/drsn0w/devkitPro/devkitARM/bin/../lib/gcc/arm-none-eabi/5.3.0/../../../../arm-none-eabi/lib/armv6k/fpu/libg.a(lib_a-jp2uc.o)
 .rodata.str1.4
                0x000000000012a2b4      0x112 /home/drsn0w/devkitPro/devkitARM/bin/../lib/gcc/arm-none-eabi/5.3.0/../../../../arm-none-eabi/lib/armv6k/fpu/libg.a(lib_a-locale.o)
                                        0x130 (size before relaxing)
 .rodata.str1.4
                0x000000000012a3c6        0x4 /home/drsn0w/devkitPro/devkitARM/bin/../lib/gcc/arm-none-eabi/5.3.0/../../../../arm-none-eabi/lib/armv6k/fpu/libg.a(lib_a-mbrtowc.o)
 *fill*         0x000000000012a3c6        0x2 
 .rodata.__mprec_tens
                0x000000000012a3c8       0xc8 /home/drsn0w/devkitPro/devkitARM/bin/../lib/gcc/arm-none-eabi/5.3.0/../../../../arm-none-eabi/lib/armv6k/fpu/libg.a(lib_a-mprec.o)
                0x000000000012a3c8                __mprec_tens
 .rodata.p05.5412
                0x000000000012a490        0xc /home/drsn0w/devkitPro/devkitARM/bin/../lib/gcc/arm-none-eabi/5.3.0/../../../../arm-none-eabi/lib/armv6k/fpu/libg.a(lib_a-mprec.o)
 *fill*         0x000000000012a49c        0x4 
 .rodata.__mprec_bigtens
                0x000000000012a4a0       0x28 /home/drsn0w/devkitPro/devkitARM/bin/../lib/gcc/arm-none-eabi/5.3.0/../../../../arm-none-eabi/lib/armv6k/fpu/libg.a(lib_a-mprec.o)
                0x000000000012a4a0                __mprec_bigtens
 .rodata.fpinan.5417
                0x000000000012a4c8       0x14 /home/drsn0w/devkitPro/devkitARM/bin/../lib/gcc/arm-none-eabi/5.3.0/../../../../arm-none-eabi/lib/armv6k/fpu/libg.a(lib_a-strtod.o)
 .rodata.str1.4
                0x000000000012a4dc        0xf /home/drsn0w/devkitPro/devkitARM/bin/../lib/gcc/arm-none-eabi/5.3.0/../../../../arm-none-eabi/lib/armv6k/fpu/libg.a(lib_a-strtod.o)
                                         0x10 (size before relaxing)
 *fill*         0x000000000012a4eb        0x1 
 .rodata.fpi.5381
                0x000000000012a4ec       0x14 /home/drsn0w/devkitPro/devkitARM/bin/../lib/gcc/arm-none-eabi/5.3.0/../../../../arm-none-eabi/lib/armv6k/fpu/libg.a(lib_a-strtod.o)
 .rodata.tinytens
                0x000000000012a500       0x28 /home/drsn0w/devkitPro/devkitARM/bin/../lib/gcc/arm-none-eabi/5.3.0/../../../../arm-none-eabi/lib/armv6k/fpu/libg.a(lib_a-strtod.o)
 .rodata.__state_table
                0x000000000012a528       0x6c /home/drsn0w/devkitPro/devkitARM/bin/../lib/gcc/arm-none-eabi/5.3.0/../../../../arm-none-eabi/lib/armv6k/fpu/libg.a(lib_a-svfiprintf.o)
                0x000000000012a528                __state_table
 .rodata.__chclass
                0x000000000012a594      0x100 /home/drsn0w/devkitPro/devkitARM/bin/../lib/gcc/arm-none-eabi/5.3.0/../../../../arm-none-eabi/lib/armv6k/fpu/libg.a(lib_a-svfiprintf.o)
                0x000000000012a594                __chclass
 .rodata.__action_table
                0x000000000012a694       0x6c /home/drsn0w/devkitPro/devkitARM/bin/../lib/gcc/arm-none-eabi/5.3.0/../../../../arm-none-eabi/lib/armv6k/fpu/libg.a(lib_a-svfiprintf.o)
                0x000000000012a694                __action_table
 .rodata.blanks.7122
                0x000000000012a700       0x10 /home/drsn0w/devkitPro/devkitARM/bin/../lib/gcc/arm-none-eabi/5.3.0/../../../../arm-none-eabi/lib/armv6k/fpu/libg.a(lib_a-svfprintf.o)
 .rodata.str1.4
                0x000000000012a710       0x44 /home/drsn0w/devkitPro/devkitARM/bin/../lib/gcc/arm-none-eabi/5.3.0/../../../../arm-none-eabi/lib/armv6k/fpu/libg.a(lib_a-svfprintf.o)
 .rodata.zeroes.7123
                0x000000000012a710       0x10 /home/drsn0w/devkitPro/devkitARM/bin/../lib/gcc/arm-none-eabi/5.3.0/../../../../arm-none-eabi/lib/armv6k/fpu/libg.a(lib_a-svfprintf.o)
 .rodata.__hexdig
                0x000000000012a720      0x100 /home/drsn0w/devkitPro/devkitARM/bin/../lib/gcc/arm-none-eabi/5.3.0/../../../../arm-none-eabi/lib/armv6k/fpu/libg.a(lib_a-gdtoa-gethex.o)
                0x000000000012a720                __hexdig
 .rodata.str1.4
                0x000000000012a820        0x8 /home/drsn0w/devkitPro/devkitARM/bin/../lib/gcc/arm-none-eabi/5.3.0/../../../../arm-none-eabi/lib/armv6k/fpu/libsysbase.a(iosupport.o)
 *all.rodata*(*)
 *(.gnu.linkonce.r*)
                0x000000000012a828                . = ALIGN (0x4)

.eh_frame       0x000000000012a828        0x0
 .eh_frame      0x000000000012a828        0x0 /home/drsn0w/devkitPro/devkitARM/bin/../lib/gcc/arm-none-eabi/5.3.0/armv6k/fpu/crtbegin.o

.rel.dyn        0x000000000012a828        0x0
 .rel.iplt      0x000000000012a828        0x0 /home/drsn0w/devkitPro/devkitARM/bin/../lib/gcc/arm-none-eabi/5.3.0/../../../../arm-none-eabi/lib/armv6k/fpu/3dsx_crt0.o

.ARM.extab
 *(.ARM.extab* .gnu.linkonce.armextab.*)
                0x000000000012a828                __exidx_start = .

ARM.exidx
 *(.ARM.exidx* .gnu.linkonce.armexidx.*)
                0x000000000012a828                __exidx_end = .

.data           0x000000000012b000     0x2e40
 *(.data)
 .data          0x000000000012b000       0x54 /home/drsn0w/devkitPro/libctru/lib/libctru.a(console.o)
                0x000000000012b000                defaultConsole
                0x000000000012b04c                currentConsole
 .data          0x000000000012b054        0xc /home/drsn0w/devkitPro/libctru/lib/libctru.a(gfx.o)
 .data          0x000000000012b060        0x4 /home/drsn0w/devkitPro/libctru/lib/libctru.a(stack_adjust.o)
                0x000000000012b060                __stacksize__
 *fill*         0x000000000012b064        0x4 
 .data          0x000000000012b068      0x488 /home/drsn0w/devkitPro/libctru/lib/libctru.a(sdmc_dev.o)
 .data          0x000000000012b4f0       0x44 /home/drsn0w/devkitPro/devkitARM/bin/../lib/gcc/arm-none-eabi/5.3.0/../../../../arm-none-eabi/lib/armv6k/fpu/libsysbase.a(iosupport.o)
                0x000000000012b4f4                devoptab_list
 .data          0x000000000012b534     0x1000 /home/drsn0w/devkitPro/devkitARM/bin/../lib/gcc/arm-none-eabi/5.3.0/../../../../arm-none-eabi/lib/armv6k/fpu/libsysbase.a(chdir.o)
 .data          0x000000000012c534     0x1028 /home/drsn0w/devkitPro/devkitARM/bin/../lib/gcc/arm-none-eabi/5.3.0/../../../../arm-none-eabi/lib/armv6k/fpu/libsysbase.a(handle_manager.o)
 *(.data.*)
 *fill*         0x000000000012d55c        0x4 
 .data.impure_data
                0x000000000012d560      0x440 /home/drsn0w/devkitPro/devkitARM/bin/../lib/gcc/arm-none-eabi/5.3.0/../../../../arm-none-eabi/lib/armv6k/fpu/libg.a(lib_a-impure.o)
 .data._impure_ptr
                0x000000000012d9a0        0x4 /home/drsn0w/devkitPro/devkitARM/bin/../lib/gcc/arm-none-eabi/5.3.0/../../../../arm-none-eabi/lib/armv6k/fpu/libg.a(lib_a-impure.o)
                0x000000000012d9a0                _impure_ptr
 .data.__malloc_av_
                0x000000000012d9a4      0x408 /home/drsn0w/devkitPro/devkitARM/bin/../lib/gcc/arm-none-eabi/5.3.0/../../../../arm-none-eabi/lib/armv6k/fpu/libg.a(lib_a-mallocr.o)
                0x000000000012d9a4                __malloc_av_
 .data.__malloc_trim_threshold
                0x000000000012ddac        0x4 /home/drsn0w/devkitPro/devkitARM/bin/../lib/gcc/arm-none-eabi/5.3.0/../../../../arm-none-eabi/lib/armv6k/fpu/libg.a(lib_a-mallocr.o)
                0x000000000012ddac                __malloc_trim_threshold
 .data.__malloc_sbrk_base
                0x000000000012ddb0        0x4 /home/drsn0w/devkitPro/devkitARM/bin/../lib/gcc/arm-none-eabi/5.3.0/../../../../arm-none-eabi/lib/armv6k/fpu/libg.a(lib_a-mallocr.o)
                0x000000000012ddb0                __malloc_sbrk_base
 .data.__malloc_lock_object
                0x000000000012ddb4        0xc /home/drsn0w/devkitPro/devkitARM/bin/../lib/gcc/arm-none-eabi/5.3.0/../../../../arm-none-eabi/lib/armv6k/fpu/libg.a(lib_a-mlock.o)
 .data.__wctomb